Component: ARM Compiler 5.06 update 6 (build 750) Tool: armlink [4d35ed]

==============================================================================

Section Cross References

    main.o(.text) refers to misc.o(.text) for NVIC_PriorityGroupConfig
    main.o(.text) refers to delay.o(.text) for delay_init
    main.o(.text) refers to usart.o(.text) for uart_init
    main.o(.text) refers to mq9.o(.text) for MQ2_Init
    main.o(.text) refers to led.o(.text) for LED_Init
    main.o(.text) refers to lcd.o(.text) for LCD_Init
    main.o(.text) refers to main.o(.data) for Smog_yu
    system_stm32f4xx.o(.text) refers to system_stm32f4xx.o(.data) for SystemCoreClock
    led.o(.text) refers to stm32f4xx_rcc.o(.text) for RCC_AHB1PeriphClockCmd
    led.o(.text) refers to stm32f4xx_gpio.o(.text) for GPIO_Init
    lcd.o(.text) refers to _printf_percent.o(.ARM.Collect$$_printf_percent$$00000000) for _printf_percent
    lcd.o(.text) refers to _printf_x.o(.ARM.Collect$$_printf_percent$$0000000C) for _printf_x
    lcd.o(.text) refers to _printf_hex_int.o(.text) for _printf_longlong_hex
    lcd.o(.text) refers to delay.o(.text) for delay_us
    lcd.o(.text) refers to lcd.o(.bss) for lcddev
    lcd.o(.text) refers to dflt_clz.o(x$fpl$dfltu) for __aeabi_ui2d
    lcd.o(.text) refers to dmul.o(x$fpl$dmul) for __aeabi_dmul
    lcd.o(.text) refers to dfixu.o(x$fpl$dfixu) for __aeabi_d2uiz
    lcd.o(.text) refers to lcd.o(.data) for POINT_COLOR
    lcd.o(.text) refers to stm32f4xx_rcc.o(.text) for RCC_AHB1PeriphClockCmd
    lcd.o(.text) refers to stm32f4xx_gpio.o(.text) for GPIO_Init
    lcd.o(.text) refers to stm32f4xx_fsmc.o(.text) for FSMC_NORSRAMInit
    lcd.o(.text) refers to noretval__2printf.o(.text) for __2printf
    lcd.o(.text) refers to lcd.o(.constdata) for asc2_1206
    mq9.o(.text) refers to stm32f4xx_rcc.o(.text) for RCC_AHB1PeriphClockCmd
    mq9.o(.text) refers to stm32f4xx_gpio.o(.text) for GPIO_Init
    mq9.o(.text) refers to stm32f4xx_adc.o(.text) for ADC_CommonInit
    mq9.o(.text) refers to delay.o(.text) for delay_ms
    mq9.o(.text) refers to dflt_clz.o(x$fpl$dfltu) for __aeabi_ui2d
    mq9.o(.text) refers to dmul.o(x$fpl$dmul) for __aeabi_dmul
    mq9.o(.text) refers to d2f.o(x$fpl$d2f) for __aeabi_d2f
    mq9.o(.text) refers to f2d.o(x$fpl$f2d) for __aeabi_f2d
    mq9.o(.text) refers to pow.o(i.__hardfp_pow) for __hardfp_pow
    delay.o(.text) refers to misc.o(.text) for SysTick_CLKSourceConfig
    delay.o(.text) refers to delay.o(.data) for fac_us
    usart.o(.rev16_text) refers (Special) to use_no_semi_2.o(.text) for __use_no_semihosting
    usart.o(.revsh_text) refers (Special) to use_no_semi_2.o(.text) for __use_no_semihosting
    usart.o(.text) refers (Special) to use_no_semi_2.o(.text) for __use_no_semihosting
    usart.o(.text) refers to stm32f4xx_rcc.o(.text) for RCC_AHB1PeriphClockCmd
    usart.o(.text) refers to stm32f4xx_gpio.o(.text) for GPIO_PinAFConfig
    usart.o(.text) refers to stm32f4xx_usart.o(.text) for USART_Init
    usart.o(.text) refers to misc.o(.text) for NVIC_Init
    usart.o(.text) refers to usart.o(.data) for USART_RX_STA
    usart.o(.text) refers to usart.o(.bss) for USART_RX_BUF
    usart.o(.bss) refers (Special) to use_no_semi_2.o(.text) for __use_no_semihosting
    usart.o(.data) refers (Special) to use_no_semi_2.o(.text) for __use_no_semihosting
    startup_stm32f40_41xxx.o(STACK) refers (Special) to heapauxi.o(.text) for __use_two_region_memory
    startup_stm32f40_41xxx.o(HEAP) refers (Special) to heapauxi.o(.text) for __use_two_region_memory
    startup_stm32f40_41xxx.o(RESET) refers (Special) to heapauxi.o(.text) for __use_two_region_memory
    startup_stm32f40_41xxx.o(RESET) refers to startup_stm32f40_41xxx.o(STACK) for __initial_sp
    startup_stm32f40_41xxx.o(RESET) refers to startup_stm32f40_41xxx.o(.text) for Reset_Handler
    startup_stm32f40_41xxx.o(RESET) refers to stm32f4xx_it.o(.text) for NMI_Handler
    startup_stm32f40_41xxx.o(RESET) refers to usart.o(.text) for USART1_IRQHandler
    startup_stm32f40_41xxx.o(.text) refers (Special) to heapauxi.o(.text) for __use_two_region_memory
    startup_stm32f40_41xxx.o(.text) refers to system_stm32f4xx.o(.text) for SystemInit
    startup_stm32f40_41xxx.o(.text) refers to __main.o(!!!main) for __main
    startup_stm32f40_41xxx.o(.text) refers to startup_stm32f40_41xxx.o(HEAP) for Heap_Mem
    startup_stm32f40_41xxx.o(.text) refers to startup_stm32f40_41xxx.o(STACK) for Stack_Mem
    stm32f4xx_gpio.o(.text) refers to stm32f4xx_rcc.o(.text) for RCC_AHB1PeriphResetCmd
    stm32f4xx_fsmc.o(.text) refers to stm32f4xx_fsmc.o(.constdata) for FSMC_DefaultTimingStruct
    stm32f4xx_rcc.o(.text) refers to stm32f4xx_rcc.o(.data) for APBAHBPrescTable
    stm32f4xx_syscfg.o(.text) refers to stm32f4xx_rcc.o(.text) for RCC_APB2PeriphResetCmd
    stm32f4xx_usart.o(.text) refers to stm32f4xx_rcc.o(.text) for RCC_APB2PeriphResetCmd
    stm32f4xx_adc.o(.text) refers to stm32f4xx_rcc.o(.text) for RCC_APB2PeriphResetCmd
[...]
    ../mathlib/pow.c                         0x00000000   Number         0  pow_x.o ABSOLUTE
    ../mathlib/qnan.c                        0x00000000   Number         0  qnan.o ABSOLUTE
    ../mathlib/sqrt.c                        0x00000000   Number         0  sqrt.o ABSOLUTE
    ../mathlib/sqrt.c                        0x00000000   Number         0  sqrt_x.o ABSOLUTE
    ..\CORE\startup_stm32f40_41xxx.s         0x00000000   Number         0  startup_stm32f40_41xxx.o ABSOLUTE
    ..\FWLIB\src\misc.c                      0x00000000   Number         0  misc.o ABSOLUTE
    ..\FWLIB\src\stm32f4xx_adc.c             0x00000000   Number         0  stm32f4xx_adc.o ABSOLUTE
    ..\FWLIB\src\stm32f4xx_dac.c             0x00000000   Number         0  stm32f4xx_dac.o ABSOLUTE
    ..\FWLIB\src\stm32f4xx_fsmc.c            0x00000000   Number         0  stm32f4xx_fsmc.o ABSOLUTE
    ..\FWLIB\src\stm32f4xx_gpio.c            0x00000000   Number         0  stm32f4xx_gpio.o ABSOLUTE
    ..\FWLIB\src\stm32f4xx_rcc.c             0x00000000   Number         0  stm32f4xx_rcc.o ABSOLUTE
    ..\FWLIB\src\stm32f4xx_syscfg.c          0x00000000   Number         0  stm32f4xx_syscfg.o ABSOLUTE
    ..\FWLIB\src\stm32f4xx_usart.c           0x00000000   Number         0  stm32f4xx_usart.o ABSOLUTE
    ..\HARDWARE\LCD\lcd.c                    0x00000000   Number         0  lcd.o ABSOLUTE
    ..\HARDWARE\LED\led.c                    0x00000000   Number         0  led.o ABSOLUTE
    ..\HARDWARE\MQ9\mq9.c                    0x00000000   Number         0  mq9.o ABSOLUTE
    ..\SYSTEM\delay\delay.c                  0x00000000   Number         0  delay.o ABSOLUTE
    ..\SYSTEM\sys\sys.c                      0x00000000   Number         0  sys.o ABSOLUTE
    ..\SYSTEM\usart\usart.c                  0x00000000   Number         0  usart.o ABSOLUTE
    ..\\FWLIB\\src\\misc.c                   0x00000000   Number         0  misc.o ABSOLUTE
    ..\\FWLIB\\src\\stm32f4xx_adc.c          0x00000000   Number         0  stm32f4xx_adc.o ABSOLUTE
    ..\\FWLIB\\src\\stm32f4xx_dac.c          0x00000000   Number         0  stm32f4xx_dac.o ABSOLUTE
    ..\\FWLIB\\src\\stm32f4xx_fsmc.c         0x00000000   Number         0  stm32f4xx_fsmc.o ABSOLUTE
    ..\\FWLIB\\src\\stm32f4xx_gpio.c         0x00000000   Number         0  stm32f4xx_gpio.o ABSOLUTE
    ..\\FWLIB\\src\\stm32f4xx_rcc.c          0x00000000   Number         0  stm32f4xx_rcc.o ABSOLUTE
    ..\\FWLIB\\src\\stm32f4xx_syscfg.c       0x00000000   Number         0  stm32f4xx_syscfg.o ABSOLUTE
    ..\\FWLIB\\src\\stm32f4xx_usart.c        0x00000000   Number         0  stm32f4xx_usart.o ABSOLUTE
    ..\\HARDWARE\\LCD\\lcd.c                 0x00000000   Number         0  lcd.o ABSOLUTE
    ..\\HARDWARE\\LED\\led.c                 0x00000000   Number         0  led.o ABSOLUTE
    ..\\HARDWARE\\MQ9\\mq9.c                 0x00000000   Number         0  mq9.o ABSOLUTE
    ..\\SYSTEM\\delay\\delay.c               0x00000000   Number         0  delay.o ABSOLUTE
    ..\\SYSTEM\\sys\\sys.c                   0x00000000   Number         0  sys.o ABSOLUTE
    ..\\SYSTEM\\usart\\usart.c               0x00000000   Number         0  usart.o ABSOLUTE
    dc.s                                     0x00000000   Number         0  dc.o ABSOLUTE
    main.c                                   0x00000000   Number         0  main.o ABSOLUTE
    main.c                                   0x00000000   Number         0  main.o ABSOLUTE
    stm32f4xx_it.c                           0x00000000   Number         0  stm32f4xx_it.o ABSOLUTE
    stm32f4xx_it.c                           0x00000000   Number         0  stm32f4xx_it.o ABSOLUTE
    system_stm32f4xx.c                       0x00000000   Number         0  system_stm32f4xx.o ABSOLUTE
    system_stm32f4xx.c                       0x00000000   Number         0  system_stm32f4xx.o ABSOLUTE
    RESET                                    0x08000000   Section      392  startup_stm32f40_41xxx.o(RESET)
    !!!main                                  0x08000188   Section        8  __main.o(!!!main)
    !!!scatter                               0x08000190   Section       52  __scatter.o(!!!scatter)
    !!handler_copy                           0x080001c4   Section       26  __scatter_copy.o(!!handler_copy)
    !!handler_zi                             0x080001e0   Section       28  __scatter_zi.o(!!handler_zi)
    .ARM.Collect$$_printf_percent$$00000000  0x080001fc   Section        0  _printf_percent.o(.ARM.Collect$$_printf_percent$$00000000)
    .ARM.Collect$$_printf_percent$$0000000C  0x080001fc   Section        6  _printf_x.o(.ARM.Collect$$_printf_percent$$0000000C)
    .ARM.Collect$$_printf_percent$$00000017  0x08000202   Section        4  _printf_percent_end.o(.ARM.Collect$$_printf_percent$$00000017)
    .ARM.Collect$$libinit$$00000000          0x08000206   Section        2  libinit.o(.ARM.Collect$$libinit$$00000000)
    .ARM.Collect$$libinit$$00000001          0x08000208   Section        4  libinit2.o(.ARM.Collect$$libinit$$00000001)
    .ARM.Collect$$libinit$$00000004          0x0800020c   Section        0  libinit2.o(.ARM.Collect$$libinit$$00000004)
    .ARM.Collect$$libinit$$0000000A          0x0800020c   Section        0  libinit2.o(.ARM.Collect$$libinit$$0000000A)
    .ARM.Collect$$libinit$$0000000C          0x0800020c   Section        0  libinit2.o(.ARM.Collect$$libinit$$0000000C)
    .ARM.Collect$$libinit$$0000000E          0x0800020c   Section        0  libinit2.o(.ARM.Collect$$libinit$$0000000E)
    .ARM.Collect$$libinit$$00000011          0x0800020c   Section        0  libinit2.o(.ARM.Collect$$libinit$$00000011)
    .ARM.Collect$$libinit$$00000013          0x0800020c   Section        0  libinit2.o(.ARM.Collect$$libinit$$00000013)
    .ARM.Collect$$libinit$$00000015          0x0800020c   Section        0  libinit2.o(.ARM.Collect$$libinit$$00000015)
    .ARM.Collect$$libinit$$00000017          0x0800020c   Section        0  libinit2.o(.ARM.Collect$$libinit$$00000017)
    .ARM.Collect$$libinit$$00000019          0x0800020c   Section        0  libinit2.o(.ARM.Collect$$libinit$$00000019)
    .ARM.Collect$$libinit$$0000001B          0x0800020c   Section        0  libinit2.o(.ARM.Collect$$libinit$$0000001B)
    .ARM.Collect$$libinit$$0000001D          0x0800020c   Section        0  libinit2.o(.ARM.Collect$$libinit$$0000001D)
    .ARM.Collect$$libinit$$0000001F          0x0800020c   Section        0  libinit2.o(.ARM.Collect$$libinit$$0000001F)
    .ARM.Collect$$libinit$$00000021          0x0800020c   Section        0  libinit2.o(.ARM.Collect$$libinit$$00000021)
    .ARM.Collect$$libinit$$00000023          0x0800020c   Section        0  libinit2.o(.ARM.Collect$$libinit$$00000023)
    .ARM.Collect$$libinit$$00000025          0x0800020c   Section        0  libinit2.o(.ARM.Collect$$libinit$$00000025)
    .ARM.Collect$$libinit$$0000002C          0x0800020c   Section        0  libinit2.o(.ARM.Collect$$libinit$$0000002C)
    .ARM.Collect$$libinit$$0000002E          0x0800020c   Section        0  libinit2.o(.ARM.Collect$$libinit$$0000002E)
    .ARM.Collect$$libinit$$00000030          0x0800020c   Section        0  libinit2.o(.ARM.Collect$$libinit$$00000030)
    .ARM.Collect$$libinit$$00000032          0x0800020c   Section        0  libinit2.o(.ARM.Collect$$libinit$$00000032)
    .ARM.Collect$$libinit$$00000033          0x0800020c   Section        2  libinit2.o(.ARM.Collect$$libinit$$00000033)
    .ARM.Collect$$libshutdown$$00000000      0x0800020e   Section        2  libshutdown.o(.ARM.Collect$$libshutdown$$00000000)
    .ARM.Collect$$libshutdown$$00000002      0x08000210   Section        0  libshutdown2.o(.ARM.Collect$$libshutdown$$00000002)
    .ARM.Collect$$libshutdown$$00000004      0x08000210   Section        0  libshutdown2.o(.ARM.Collect$$libshutdown$$00000004)
    .ARM.Collect$$libshutdown$$00000007      0x08000210   Section        0  libshutdown2.o(.ARM.Collect$$libshutdown$$00000007)
    .ARM.Collect$$libshutdown$$0000000A      0x08000210   Section        0  libshutdown2.o(.ARM.Collect$$libshutdown$$0000000A)
    .ARM.Collect$$libshutdown$$0000000C      0x08000210   Section        0  libshutdown2.o(.ARM.Collect$$libshutdown$$0000000C)
    .ARM.Collect$$libshutdown$$0000000F      0x08000210   Section        0  libshutdown2.o(.ARM.Collect$$libshutdown$$0000000F)
    .ARM.Collect$$libshutdown$$00000010      0x08000210   Section        2  libshutdown2.o(.ARM.Collect$$libshutdown$$00000010)
    .ARM.Collect$$rtentry$$00000000          0x08000212   Section        0  __rtentry.o(.ARM.Collect$$rtentry$$00000000)
    .ARM.Collect$$rtentry$$00000002          0x08000212   Section        0  __rtentry2.o(.ARM.Collect$$rtentry$$00000002)
    .ARM.Collect$$rtentry$$00000004          0x08000212   Section        6  __rtentry4.o(.ARM.Collect$$rtentry$$00000004)
    .ARM.Collect$$rtentry$$00000009          0x08000218   Section        0  __rtentry2.o(.ARM.Collect$$rtentry$$00000009)
    .ARM.Collect$$rtentry$$0000000A          0x08000218   Section        4  __rtentry2.o(.ARM.Collect$$rtentry$$0000000A)
    .ARM.Collect$$rtentry$$0000000C          0x0800021c   Section        0  __rtentry2.o(.ARM.Collect$$rtentry$$0000000C)
    .ARM.Collect$$rtentry$$0000000D          0x0800021c   Section        8  __rtentry2.o(.ARM.Collect$$rtentry$$0000000D)
    .ARM.Collect$$rtexit$$00000000           0x08000224   Section        2  rtexit.o(.ARM.Collect$$rtexit$$00000000)
    .ARM.Collect$$rtexit$$00000002           0x08000226   Section        0  rtexit2.o(.ARM.Collect$$rtexit$$00000002)
    .ARM.Collect$$rtexit$$00000003           0x08000226   Section        4  rtexit2.o(.ARM.Collect$$rtexit$$00000003)
    .ARM.Collect$$rtexit$$00000004           0x0800022a   Section        6  rtexit2.o(.ARM.Collect$$rtexit$$00000004)
    .text                                    0x08000230   Section        0  main.o(.text)
    .text                                    0x08000330   Section        0  stm32f4xx_it.o(.text)
    .text                                    0x0800034c   Section        0  system_stm32f4xx.o(.text)
    SetSysClock                              0x0800034d   Thumb Code   220  system_stm32f4xx.o(.text)
    .text                                    0x0800055c   Section        0  led.o(.text)
    .text                                    0x0800059c   Section        0  lcd.o(.text)
    .text                                    0x08003c00   Section        0  mq9.o(.text)
    .text                                    0x08003db0   Section        0  delay.o(.text)
    .text                                    0x08003eb4   Section        0  usart.o(.text)
    .text                                    0x08003ffc   Section       64  startup_stm32f40_41xxx.o(.text)
    $v0                                      0x08003ffc   Number         0  startup_stm32f40_41xxx.o(.text)
    .text                                    0x0800403c   Section        0  misc.o(.text)
    .text                                    0x0800411c   Section        0  stm32f4xx_gpio.o(.text)
    .text                                    0x080043b0   Section        0  stm32f4xx_fsmc.o(.text)
    .text                                    0x08004978   Section        0  stm32f4xx_rcc.o(.text)
    .text                                    0x08004fd4   Section        0  stm32f4xx_usart.o(.text)
    .text                                    0x08005428   Section        0  stm32f4xx_adc.o(.text)
    .text                                    0x0800588c   Section        2  use_no_semi_2.o(.text)
    .text                                    0x08005890   Section        0  noretval__2printf.o(.text)
    .text                                    0x080058a8   Section        0  __printf.o(.text)
    .text                                    0x08005910   Section        0  _printf_hex_int.o(.text)
    .text                                    0x08005968   Section        0  heapauxi.o(.text)
    .text                                    0x0800596e   Section        2  use_no_semi.o(.text)
    .text                                    0x08005970   Section        0  _rserrno.o(.text)
    .text                                    0x08005986   Section        0  _printf_intcommon.o(.text)
    .text                                    0x08005a38   Section        0  _printf_char_file.o(.text)
    .text                                    0x08005a5c   Section        8  rt_errno_addr_intlibspace.o(.text)
    .text                                    0x08005a64   Section        0  _printf_char_common.o(.text)
    _printf_input_char                       0x08005a65   Thumb Code    10  _printf_char_common.o(.text)
    .text                                    0x08005a94   Section        0  ferror.o(.text)
    .text                                    0x08005a9c   Section        8  libspace.o(.text)
    .text                                    0x08005aa4   Section       74  sys_stackheap_outer.o(.text)
    .text                                    0x08005aee   Section        0  exit.o(.text)
    i.__ARM_fpclassify                       0x08005b00   Section        0  fpclassify.o(i.__ARM_fpclassify)
    i.__hardfp_pow                           0x08005b30   Section        0  pow.o(i.__hardfp_pow)
    i.__kernel_poly                          0x08006780   Section        0  poly.o(i.__kernel_poly)
    i.__mathlib_dbl_divzero                  0x08006878   Section        0  dunder.o(i.__mathlib_dbl_divzero)
    i.__mathlib_dbl_infnan2                  0x080068a8   Section        0  dunder.o(i.__mathlib_dbl_infnan2)
    i.__mathlib_dbl_invalid                  0x080068c0   Section        0  dunder.o(i.__mathlib_dbl_invalid)
    i.__mathlib_dbl_overflow                 0x080068e0   Section        0  dunder.o(i.__mathlib_dbl_overflow)
    i.__mathlib_dbl_underflow                0x08006900   Section        0  dunder.o(i.__mathlib_dbl_underflow)
    i.fabs                                   0x08006920   Section        0  fabs.o(i.fabs)
    i.sqrt                                   0x08006938   Section        0  sqrt.o(i.sqrt)
    x$fpl$basic                              0x080069a6   Section       24  basic.o(x$fpl$basic)
    $v0                                      0x080069a6   Number         0  basic.o(x$fpl$basic)
    x$fpl$d2f                                0x080069c0   Section       98  d2f.o(x$fpl$d2f)
    $v0                                      0x080069c0   Number         0  d2f.o(x$fpl$d2f)
    x$fpl$dadd                               0x08006a24   Section      336  daddsub_clz.o(x$fpl$dadd)
    $v0                                      0x08006a24   Number         0  daddsub_clz.o(x$fpl$dadd)
    _dadd1                                   0x08006a35   Thumb Code     0  daddsub_clz.o(x$fpl$dadd)
    x$fpl$dcheck1                            0x08006b74   Section       16  dcheck1.o(x$fpl$dcheck1)
    $v0                                      0x08006b74   Number         0  dcheck1.o(x$fpl$dcheck1)
    x$fpl$dcmpinf                            0x08006b84   Section       24  dcmpi.o(x$fpl$dcmpinf)
    $v0                                      0x08006b84   Number         0  dcmpi.o(x$fpl$dcmpinf)
    x$fpl$ddiv                               0x08006b9c   Section      688  ddiv.o(x$fpl$ddiv)
    $v0                                      0x08006b9c   Number         0  ddiv.o(x$fpl$ddiv)
    ddiv_entry                               0x08006ba3   Thumb Code     0  ddiv.o(x$fpl$ddiv)
    x$fpl$dfixu                              0x08006e4c   Section       90  dfixu.o(x$fpl$dfixu)
    $v0                                      0x08006e4c   Number         0  dfixu.o(x$fpl$dfixu)
    x$fpl$dflt                               0x08006ea6   Section       46  dflt_clz.o(x$fpl$dflt)
    $v0                                      0x08006ea6   Number         0  dflt_clz.o(x$fpl$dflt)
    x$fpl$dfltu                              0x08006ed4   Section       38  dflt_clz.o(x$fpl$dfltu)
    $v0                                      0x08006ed4   Number         0  dflt_clz.o(x$fpl$dfltu)
    x$fpl$dleqf                              0x08006efc   Section      120  dleqf.o(x$fpl$dleqf)
    $v0                                      0x08006efc   Number         0  dleqf.o(x$fpl$dleqf)
    x$fpl$dmul                               0x08006f74   Section      340  dmul.o(x$fpl$dmul)
    $v0                                      0x08006f74   Number         0  dmul.o(x$fpl$dmul)
    x$fpl$dnaninf                            0x080070c8   Section      156  dnaninf.o(x$fpl$dnaninf)
    $v0                                      0x080070c8   Number         0  dnaninf.o(x$fpl$dnaninf)
    x$fpl$dretinf                            0x08007164   Section       12  dretinf.o(x$fpl$dretinf)
    $v0                                      0x08007164   Number         0  dretinf.o(x$fpl$dretinf)
    x$fpl$drleqf                             0x08007170   Section      108  drleqf.o(x$fpl$drleqf)
    $v0                                      0x08007170   Number         0  drleqf.o(x$fpl$drleqf)
    x$fpl$drsb                               0x080071dc   Section       22  daddsub_clz.o(x$fpl$drsb)
    $v0                                      0x080071dc   Number         0  daddsub_clz.o(x$fpl$drsb)
    x$fpl$dsqrt                              0x080071f4   Section      408  dsqrt_umaal.o(x$fpl$dsqrt)
    $v0                                      0x080071f4   Number         0  dsqrt_umaal.o(x$fpl$dsqrt)
    x$fpl$dsub                               0x0800738c   Section      468  daddsub_clz.o(x$fpl$dsub)
    $v0                                      0x0800738c   Number         0  daddsub_clz.o(x$fpl$dsub)
    _dsub1                                   0x0800739d   Thumb Code     0  daddsub_clz.o(x$fpl$dsub)
    x$fpl$f2d                                0x08007560   Section       86  f2d.o(x$fpl$f2d)
    $v0                                      0x08007560   Number         0  f2d.o(x$fpl$f2d)
    x$fpl$fnaninf                            0x080075b6   Section      140  fnaninf.o(x$fpl$fnaninf)
    $v0                                      0x080075b6   Number         0  fnaninf.o(x$fpl$fnaninf)
    x$fpl$fpinit                             0x08007642   Section       10  fpinit.o(x$fpl$fpinit)
    $v0                                      0x08007642   Number         0  fpinit.o(x$fpl$fpinit)
    x$fpl$fretinf                            0x0800764c   Section       10  fretinf.o(x$fpl$fretinf)
    $v0                                      0x0800764c   Number         0  fretinf.o(x$fpl$fretinf)
    x$fpl$retnan                             0x08007656   Section      100  retnan.o(x$fpl$retnan)
    $v0                                      0x08007656   Number         0  retnan.o(x$fpl$retnan)
    x$fpl$scalbn                             0x080076ba   Section       92  scalbn.o(x$fpl$scalbn)
    $v0                                      0x080076ba   Number         0  scalbn.o(x$fpl$scalbn)
    x$fpl$trapveneer                         0x08007716   Section       48  trapv.o(x$fpl$trapveneer)
    $v0                                      0x08007716   Number         0  trapv.o(x$fpl$trapveneer)
    .constdata                               0x08007746   Section     6080  lcd.o(.constdata)
    x$fpl$usenofp                            0x08007746   Section        0  usenofp.o(x$fpl$usenofp)
    .constdata                               0x08008f08   Section       28  stm32f4xx_fsmc.o(.constdata)
    .constdata                               0x08008f24   Section       40  _printf_hex_int.o(.constdata)
    uc_hextab                                0x08008f24   Data          20  _printf_hex_int.o(.constdata)
    lc_hextab                                0x08008f38   Data          20  _printf_hex_int.o(.constdata)
    .constdata                               0x08008f50   Section      136  pow.o(.constdata)
    bp                                       0x08008f50   Data          16  pow.o(.constdata)
    dp_h                                     0x08008f60   Data          16  pow.o(.constdata)
    dp_l                                     0x08008f70   Data          16  pow.o(.constdata)
    L                                        0x08008f80   Data          48  pow.o(.constdata)
    P                                        0x08008fb0   Data          40  pow.o(.constdata)
    .constdata                               0x08008fd8   Section        8  qnan.o(.constdata)
    .data                                    0x20000000   Section        1  main.o(.data)
    .data                                    0x20000004   Section       20  system_stm32f4xx.o(.data)
    .data                                    0x20000018   Section        4  lcd.o(.data)
    .data                                    0x2000001c   Section        4  delay.o(.data)
    fac_us                                   0x2000001c   Data           1  delay.o(.data)
    fac_ms                                   0x2000001e   Data           2  delay.o(.data)
    .data                                    0x20000020   Section        6  usart.o(.data)
    .data                                    0x20000026   Section       16  stm32f4xx_rcc.o(.data)
    APBAHBPrescTable                         0x20000026   Data          16  stm32f4xx_rcc.o(.data)
    .bss                                     0x20000038   Section       14  lcd.o(.bss)
    .bss                                     0x20000046   Section      200  usart.o(.bss)
    .bss                                     0x20000110   Section       96  libspace.o(.bss)
    HEAP                                     0x20000170   Section      512  startup_stm32f40_41xxx.o(HEAP)
    Heap_Mem                                 0x20000170   Data         512  startup_stm32f40_41xxx.o(HEAP)
    STACK                                    0x20000370   Section     1024  startup_stm32f40_41xxx.o(STACK)
    Stack_Mem                                0x20000370   Data        1024  startup_stm32f40_41xxx.o(STACK)
    __initial_sp                             0x20000770   Data           0  startup_stm32f40_41xxx.o(STACK)

    Global Symbols

    Symbol Name                              Value     Ov Type        Size  Object(Section)

    BuildAttributes$$THM_ISAv4$E$P$D$K$B$S$7EM$VFPi3$EXTD16$VFPS$VFMA$PE$A:L22UL41UL21$X:L11$S22US41US21$IEEE1$IW$USESV6$~STKCKD$USESV7$~SHL$OTIME$ROPI$IEEEX$EBA8$UX$STANDARDLIB$REQ8$PRES8$EABIv2 0x00000000   Number         0  anon$$obj.o ABSOLUTE
    __ARM_use_no_argv                        0x00000000   Number         0  main.o ABSOLUTE
    __ARM_exceptions_init                     - Undefined Weak Reference
    __alloca_initialize                       - Undefined Weak Reference
    __arm_preinit_                            - Undefined Weak Reference
    __cpp_initialize__aeabi_                  - Undefined Weak Reference
    __cxa_finalize                            - Undefined Weak Reference
    __rt_locale                               - Undefined Weak Reference
    __sigvec_lookup                           - Undefined Weak Reference
    _atexit_init                              - Undefined Weak Reference
    _call_atexit_fns                          - Undefined Weak Reference
    _clock_init                               - Undefined Weak Reference
    _fp_trap_init                             - Undefined Weak Reference
    _fp_trap_shutdown                         - Undefined Weak Reference
    _get_lc_collate                           - Undefined Weak Reference
    _get_lc_ctype                             - Undefined Weak Reference
    _get_lc_monetary                          - Undefined Weak Reference
    _get_lc_numeric                           - Undefined Weak Reference
    _get_lc_time                              - Undefined Weak Reference
    _getenv_init                              - Undefined Weak Reference
    _handle_redirection                       - Undefined Weak Reference
    _init_alloc                               - Undefined Weak Reference
    _init_user_alloc                          - Undefined Weak Reference
    _initio                                   - Undefined Weak Reference
    _mutex_acquire                            - Undefined Weak Reference
    _mutex_release                            - Undefined Weak Reference
    _printf_post_padding                      - Undefined Weak Reference
    _printf_pre_padding                       - Undefined Weak Reference
    _printf_truncate_unsigned                 - Undefined Weak Reference
    _rand_init                                - Undefined Weak Reference
    _signal_finish                            - Undefined Weak Reference
    _signal_init                              - Undefined Weak Reference
    _terminate_alloc                          - Undefined Weak Reference
    _terminate_user_alloc                     - Undefined Weak Reference
    _terminateio                              - Undefined Weak Reference
    __Vectors_Size                           0x00000188   Number         0  startup_stm32f40_41xxx.o ABSOLUTE
    __Vectors                                0x08000000   Data           4  startup_stm32f40_41xxx.o(RESET)
    __Vectors_End                            0x08000188   Data           0  startup_stm32f40_41xxx.o(RESET)
    __main                                   0x08000189   Thumb Code     8  __main.o(!!!main)
    __scatterload                            0x08000191   Thumb Code     0  __scatter.o(!!!scatter)
    __scatterload_rt2                        0x08000191   Thumb Code    44  __scatter.o(!!!scatter)
    __scatterload_rt2_thumb_only             0x08000191   Thumb Code     0  __scatter.o(!!!scatter)
    __scatterload_null                       0x0800019f   Thumb Code     0  __scatter.o(!!!scatter)
    __scatterload_copy                       0x080001c5   Thumb Code    26  __scatter_copy.o(!!handler_copy)
    __scatterload_zeroinit                   0x080001e1   Thumb Code    28  __scatter_zi.o(!!handler_zi)
    _printf_percent                          0x080001fd   Thumb Code     0  _printf_percent.o(.ARM.Collect$$_printf_percent$$00000000)
    _printf_x                                0x080001fd   Thumb Code     0  _printf_x.o(.ARM.Collect$$_printf_percent$$0000000C)
    _printf_percent_end                      0x08000203   Thumb Code     0  _printf_percent_end.o(.ARM.Collect$$_printf_percent$$00000017)
    __rt_lib_init                            0x08000207   Thumb Code     0  libinit.o(.ARM.Collect$$libinit$$00000000)
    __rt_lib_init_fp_1                       0x08000209   Thumb Code     0  libinit2.o(.ARM.Collect$$libinit$$00000001)
    __rt_lib_init_alloca_1                   0x0800020d   Thumb Code     0  libinit2.o(.ARM.Collect$$libinit$$0000002E)
    __rt_lib_init_argv_1                     0x0800020d   Thumb Code     0  libinit2.o(.ARM.Collect$$libinit$$0000002C)
    __rt_lib_init_atexit_1                   0x0800020d   Thumb Code     0  libinit2.o(.ARM.Collect$$libinit$$0000001B)
    __rt_lib_init_clock_1                    0x0800020d   Thumb Code     0  libinit2.o(.ARM.Collect$$libinit$$00000021)
    __rt_lib_init_cpp_1                      0x0800020d   Thumb Code     0  libinit2.o(.ARM.Collect$$libinit$$00000032)
    __rt_lib_init_exceptions_1               0x0800020d   Thumb Code     0  libinit2.o(.ARM.Collect$$libinit$$00000030)
    __rt_lib_init_fp_trap_1                  0x0800020d   Thumb Code     0  libinit2.o(.ARM.Collect$$libinit$$0000001F)
    __rt_lib_init_getenv_1                   0x0800020d   Thumb Code     0  libinit2.o(.ARM.Collect$$libinit$$00000023)
    __rt_lib_init_heap_1                     0x0800020d   Thumb Code     0  libinit2.o(.ARM.Collect$$libinit$$0000000A)
    __rt_lib_init_lc_collate_1               0x0800020d   Thumb Code     0  libinit2.o(.ARM.Collect$$libinit$$00000011)
    __rt_lib_init_lc_ctype_1                 0x0800020d   Thumb Code     0  libinit2.o(.ARM.Collect$$libinit$$00000013)
    __rt_lib_init_lc_monetary_1              0x0800020d   Thumb Code     0  libinit2.o(.ARM.Collect$$libinit$$00000015)
    __rt_lib_init_lc_numeric_1               0x0800020d   Thumb Code     0  libinit2.o(.ARM.Collect$$libinit$$00000017)
    __rt_lib_init_lc_time_1                  0x0800020d   Thumb Code     0  libinit2.o(.ARM.Collect$$libinit$$00000019)
    __rt_lib_init_preinit_1                  0x0800020d   Thumb Code     0  libinit2.o(.ARM.Collect$$libinit$$00000004)
    __rt_lib_init_rand_1                     0x0800020d   Thumb Code     0  libinit2.o(.ARM.Collect$$libinit$$0000000E)
    __rt_lib_init_return                     0x0800020d   Thumb Code     0  libinit2.o(.ARM.Collect$$libinit$$00000033)
    __rt_lib_init_signal_1                   0x0800020d   Thumb Code     0  libinit2.o(.ARM.Collect$$libinit$$0000001D)
    __rt_lib_init_stdio_1                    0x0800020d   Thumb Code     0  libinit2.o(.ARM.Collect$$libinit$$00000025)
    __rt_lib_init_user_alloc_1               0x0800020d   Thumb Code     0  libinit2.o(.ARM.Collect$$libinit$$0000000C)
    __rt_lib_shutdown                        0x0800020f   Thumb Code     0  libshutdown.o(.ARM.Collect$$libshutdown$$00000000)
    __rt_lib_shutdown_cpp_1                  0x08000211   Thumb Code     0  libshutdown2.o(.ARM.Collect$$libshutdown$$00000002)
    __rt_lib_shutdown_fp_trap_1              0x08000211   Thumb Code     0  libshutdown2.o(.ARM.Collect$$libshutdown$$00000007)
    __rt_lib_shutdown_heap_1                 0x08000211   Thumb Code     0  libshutdown2.o(.ARM.Collect$$libshutdown$$0000000F)
    __rt_lib_shutdown_return                 0x08000211   Thumb Code     0  libshutdown2.o(.ARM.Collect$$libshutdown$$00000010)
    __rt_lib_shutdown_signal_1               0x08000211   Thumb Code     0  libshutdown2.o(.ARM.Collect$$libshutdown$$0000000A)
    __rt_lib_shutdown_stdio_1                0x08000211   Thumb Code     0  libshutdown2.o(.ARM.Collect$$libshutdown$$00000004)
    __rt_lib_shutdown_user_alloc_1           0x08000211   Thumb Code     0  libshutdown2.o(.ARM.Collect$$libshutdown$$0000000C)
    __rt_entry                               0x08000213   Thumb Code     0  __rtentry.o(.ARM.Collect$$rtentry$$00000000)
    __rt_entry_presh_1                       0x08000213   Thumb Code     0  __rtentry2.o(.ARM.Collect$$rtentry$$00000002)
    __rt_entry_sh                            0x08000213   Thumb Code     0  __rtentry4.o(.ARM.Collect$$rtentry$$00000004)
    __rt_entry_li                            0x08000219   Thumb Code     0  __rtentry2.o(.ARM.Collect$$rtentry$$0000000A)
    __rt_entry_postsh_1                      0x08000219   Thumb Code     0  __rtentry2.o(.ARM.Collect$$rtentry$$00000009)
    __rt_entry_main                          0x0800021d   Thumb Code     0  __rtentry2.o(.ARM.Collect$$rtentry$$0000000D)
    __rt_entry_postli_1                      0x0800021d   Thumb Code     0  __rtentry2.o(.ARM.Collect$$rtentry$$0000000C)
    __rt_exit                                0x08000225   Thumb Code     0  rtexit.o(.ARM.Collect$$rtexit$$00000000)
    __rt_exit_ls                             0x08000227   Thumb Code     0  rtexit2.o(.ARM.Collect$$rtexit$$00000003)
    __rt_exit_prels_1                        0x08000227   Thumb Code     0  rtexit2.o(.ARM.Collect$$rtexit$$00000002)
    __rt_exit_exit                           0x0800022b   Thumb Code     0  rtexit2.o(.ARM.Collect$$rtexit$$00000004)
    main                                     0x08000231   Thumb Code   206  main.o(.text)
    NMI_Handler                              0x08000331   Thumb Code     2  stm32f4xx_it.o(.text)
    HardFault_Handler                        0x08000333   Thumb Code     4  stm32f4xx_it.o(.text)
    MemManage_Handler                        0x08000337   Thumb Code     4  stm32f4xx_it.o(.text)
    BusFault_Handler                         0x0800033b   Thumb Code     4  stm32f4xx_it.o(.text)
    UsageFault_Handler                       0x0800033f   Thumb Code     4  stm32f4xx_it.o(.text)
    SVC_Handler                              0x08000343   Thumb Code     2  stm32f4xx_it.o(.text)
    DebugMon_Handler                         0x08000345   Thumb Code     2  stm32f4xx_it.o(.text)
    PendSV_Handler                           0x08000347   Thumb Code     2  stm32f4xx_it.o(.text)
    SysTick_Handler                          0x08000349   Thumb Code     2  stm32f4xx_it.o(.text)
    SystemInit                               0x08000429   Thumb Code    88  system_stm32f4xx.o(.text)
    SystemCoreClockUpdate                    0x08000481   Thumb Code   174  system_stm32f4xx.o(.text)
    LED_Init                                 0x0800055d   Thumb Code    60  led.o(.text)
    LCD_WR_REG                               0x0800059d   Thumb Code    18  lcd.o(.text)
    LCD_WR_DATA                              0x080005af   Thumb Code    20  lcd.o(.text)
    LCD_RD_DATA                              0x080005c3   Thumb Code    16  lcd.o(.text)
    LCD_WriteReg                             0x080005d3   Thumb Code    14  lcd.o(.text)
    LCD_ReadReg                              0x080005e1   Thumb Code    22  lcd.o(.text)
    LCD_WriteRAM_Prepare                     0x080005f7   Thumb Code    10  lcd.o(.text)
    LCD_WriteRAM                             0x08000601   Thumb Code     8  lcd.o(.text)
    LCD_BGR2RGB                              0x08000609   Thumb Code    26  lcd.o(.text)
    opt_delay                                0x08000623   Thumb Code    14  lcd.o(.text)
    LCD_SetCursor                            0x08000631   Thumb Code   282  lcd.o(.text)
    LCD_ReadPoint                            0x0800074b   Thumb Code   132  lcd.o(.text)
    LCD_DisplayOn                            0x080007cf   Thumb Code    32  lcd.o(.text)
    LCD_DisplayOff                           0x080007ef   Thumb Code    32  lcd.o(.text)
    LCD_Scan_Dir                             0x0800080f   Thumb Code   570  lcd.o(.text)
    LCD_DrawPoint                            0x08000a49   Thumb Code    28  lcd.o(.text)
    LCD_Fast_DrawPoint                       0x08000a65   Thumb Code   238  lcd.o(.text)
    LCD_SSD_BackLightSet                     0x08000b53   Thumb Code    88  lcd.o(.text)
    LCD_Display_Dir                          0x08000bab   Thumb Code   298  lcd.o(.text)
    LCD_Set_Window                           0x08000cd5   Thumb Code   384  lcd.o(.text)
    LCD_Clear                                0x08000e55   Thumb Code    42  lcd.o(.text)
    LCD_Init                                 0x08000e7f   Thumb Code 10318  lcd.o(.text)
    LCD_Fill                                 0x080036cd   Thumb Code    82  lcd.o(.text)
    LCD_Color_Fill                           0x0800371f   Thumb Code    92  lcd.o(.text)
    LCD_DrawLine                             0x0800377b   Thumb Code   176  lcd.o(.text)
    LCD_DrawRectangle                        0x0800382b   Thumb Code    60  lcd.o(.text)
    LCD_Draw_Circle                          0x08003867   Thumb Code   152  lcd.o(.text)
    LCD_ShowChar                             0x080038ff   Thumb Code   284  lcd.o(.text)
    LCD_Pow                                  0x08003a1b   Thumb Code    22  lcd.o(.text)
    LCD_ShowNum                              0x08003a31   Thumb Code   148  lcd.o(.text)
    LCD_ShowxNum                             0x08003ac5   Thumb Code   190  lcd.o(.text)
    LCD_ShowString                           0x08003b83   Thumb Code   102  lcd.o(.text)
    MQ2_Init                                 0x08003c01   Thumb Code   118  mq9.o(.text)
    MQ2_ADC_Read                             0x08003c77   Thumb Code    30  mq9.o(.text)
    ADC1_Average_Data                        0x08003c95   Thumb Code    44  mq9.o(.text)
    Smog_Get_Vol                             0x08003cc1   Thumb Code    74  mq9.o(.text)
    Smog_GetPPM                              0x08003d0b   Thumb Code   122  mq9.o(.text)
    delay_init                               0x08003db1   Thumb Code    52  delay.o(.text)
    delay_us                                 0x08003de5   Thumb Code    72  delay.o(.text)
    delay_xms                                0x08003e2d   Thumb Code    72  delay.o(.text)
    delay_ms                                 0x08003e75   Thumb Code    56  delay.o(.text)
    _sys_exit                                0x08003eb5   Thumb Code     4  usart.o(.text)
    fputc                                    0x08003eb9   Thumb Code    22  usart.o(.text)
    uart_init                                0x08003ecf   Thumb Code   164  usart.o(.text)
    USART1_IRQHandler                        0x08003f73   Thumb Code   122  usart.o(.text)
    Reset_Handler                            0x08003ffd   Thumb Code     8  startup_stm32f40_41xxx.o(.text)
    ADC_IRQHandler                           0x08004017   Thumb Code     0  startup_stm32f40_41xxx.o(.text)
    CAN1_RX0_IRQHandler                      0x08004017   Thumb Code     0  startup_stm32f40_41xxx.o(.text)
    CAN1_RX1_IRQHandler                      0x08004017   Thumb Code     0  startup_stm32f40_41xxx.o(.text)
    CAN1_SCE_IRQHandler                      0x08004017   Thumb Code     0  startup_stm32f40_41xxx.o(.text)
    CAN1_TX_IRQHandler                       0x08004017   Thumb Code     0  startup_stm32f40_41xxx.o(.text)
    CAN2_RX0_IRQHandler                      0x08004017   Thumb Code     0  startup_stm32f40_41xxx.o(.text)
    CAN2_RX1_IRQHandler                      0x08004017   Thumb Code     0  startup_stm32f40_41xxx.o(.text)
    CAN2_SCE_IRQHandler                      0x08004017   Thumb Code     0  startup_stm32f40_41xxx.o(.text)
    CAN2_TX_IRQHandler                       0x08004017   Thumb Code     0  startup_stm32f40_41xxx.o(.text)
    CRYP_IRQHandler                          0x08004017   Thumb Code     0  startup_stm32f40_41xxx.o(.text)
    DCMI_IRQHandler                          0x08004017   Thumb Code     0  startup_stm32f40_41xxx.o(.text)
    DMA1_Stream0_IRQHandler                  0x08004017   Thumb Code     0  startup_stm32f40_41xxx.o(.text)
    DMA1_Stream1_IRQHandler                  0x08004017   Thumb Code     0  startup_stm32f40_41xxx.o(.text)
    DMA1_Stream2_IRQHandler                  0x08004017   Thumb Code     0  startup_stm32f40_41xxx.o(.text)
    DMA1_Stream3_IRQHandler                  0x08004017   Thumb Code     0  startup_stm32f40_41xxx.o(.text)
    DMA1_Stream4_IRQHandler                  0x08004017   Thumb Code     0  startup_stm32f40_41xxx.o(.text)
    DMA1_Stream5_IRQHandler                  0x08004017   Thumb Code     0  startup_stm32f40_41xxx.o(.text)
    DMA1_Stream6_IRQHandler                  0x08004017   Thumb Code     0  startup_stm32f40_41xxx.o(.text)
    DMA1_Stream7_IRQHandler                  0x08004017   Thumb Code     0  startup_stm32f40_41xxx.o(.text)
    DMA2_Stream0_IRQHandler                  0x08004017   Thumb Code     0  startup_stm32f40_41xxx.o(.text)
    DMA2_Stream1_IRQHandler                  0x08004017   Thumb Code     0  startup_stm32f40_41xxx.o(.text)
    DMA2_Stream2_IRQHandler                  0x08004017   Thumb Code     0  startup_stm32f40_41xxx.o(.text)
    DMA2_Stream3_IRQHandler                  0x08004017   Thumb Code     0  startup_stm32f40_41xxx.o(.text)
    DMA2_Stream4_IRQHandler                  0x08004017   Thumb Code     0  startup_stm32f40_41xxx.o(.text)
    DMA2_Stream5_IRQHandler                  0x08004017   Thumb Code     0  startup_stm32f40_41xxx.o(.text)
    DMA2_Stream6_IRQHandler                  0x08004017   Thumb Code     0  startup_stm32f40_41xxx.o(.text)
    DMA2_Stream7_IRQHandler                  0x08004017   Thumb Code     0  startup_stm32f40_41xxx.o(.text)
    ETH_IRQHandler                           0x08004017   Thumb Code     0  startup_stm32f40_41xxx.o(.text)
    ETH_WKUP_IRQHandler                      0x08004017   Thumb Code     0  startup_stm32f40_41xxx.o(.text)
    EXTI0_IRQHandler                         0x08004017   Thumb Code     0  startup_stm32f40_41xxx.o(.text)
    EXTI15_10_IRQHandler                     0x08004017   Thumb Code     0  startup_stm32f40_41xxx.o(.text)
    EXTI1_IRQHandler                         0x08004017   Thumb Code     0  startup_stm32f40_41xxx.o(.text)
    EXTI2_IRQHandler                         0x08004017   Thumb Code     0  startup_stm32f40_41xxx.o(.text)
    EXTI3_IRQHandler                         0x08004017   Thumb Code     0  startup_stm32f40_41xxx.o(.text)
    EXTI4_IRQHandler                         0x08004017   Thumb Code     0  startup_stm32f40_41xxx.o(.text)
    EXTI9_5_IRQHandler                       0x08004017   Thumb Code     0  startup_stm32f40_41xxx.o(.text)
    FLASH_IRQHandler                         0x08004017   Thumb Code     0  startup_stm32f40_41xxx.o(.text)
    FPU_IRQHandler                           0x08004017   Thumb Code     0  startup_stm32f40_41xxx.o(.text)
    FSMC_IRQHandler                          0x08004017   Thumb Code     0  startup_stm32f40_41xxx.o(.text)
    HASH_RNG_IRQHandler                      0x08004017   Thumb Code     0  startup_stm32f40_41xxx.o(.text)
    I2C1_ER_IRQHandler                       0x08004017   Thumb Code     0  startup_stm32f40_41xxx.o(.text)
    I2C1_EV_IRQHandler                       0x08004017   Thumb Code     0  startup_stm32f40_41xxx.o(.text)
    I2C2_ER_IRQHandler                       0x08004017   Thumb Code     0  startup_stm32f40_41xxx.o(.text)
    I2C2_EV_IRQHandler                       0x08004017   Thumb Code     0  startup_stm32f40_41xxx.o(.text)
    I2C3_ER_IRQHandler                       0x08004017   Thumb Code     0  startup_stm32f40_41xxx.o(.text)
    I2C3_EV_IRQHandler                       0x08004017   Thumb Code     0  startup_stm32f40_41xxx.o(.text)
    OTG_FS_IRQHandler                        0x08004017   Thumb Code     0  startup_stm32f40_41xxx.o(.text)
    OTG_FS_WKUP_IRQHandler                   0x08004017   Thumb Code     0  startup_stm32f40_41xxx.o(.text)
    OTG_HS_EP1_IN_IRQHandler                 0x08004017   Thumb Code     0  startup_stm32f40_41xxx.o(.text)
    OTG_HS_EP1_OUT_IRQHandler                0x08004017   Thumb Code     0  startup_stm32f40_41xxx.o(.text)
    OTG_HS_IRQHandler                        0x08004017   Thumb Code     0  startup_stm32f40_41xxx.o(.text)
    OTG_HS_WKUP_IRQHandler                   0x08004017   Thumb Code     0  startup_stm32f40_41xxx.o(.text)
    PVD_IRQHandler                           0x08004017   Thumb Code     0  startup_stm32f40_41xxx.o(.text)
    RCC_IRQHandler                           0x08004017   Thumb Code     0  startup_stm32f40_41xxx.o(.text)
    RTC_Alarm_IRQHandler                     0x08004017   Thumb Code     0  startup_stm32f40_41xxx.o(.text)
    RTC_WKUP_IRQHandler                      0x08004017   Thumb Code     0  startup_stm32f40_41xxx.o(.text)
    SDIO_IRQHandler                          0x08004017   Thumb Code     0  startup_stm32f40_41xxx.o(.text)
    SPI1_IRQHandler                          0x08004017   Thumb Code     0  startup_stm32f40_41xxx.o(.text)
    SPI2_IRQHandler                          0x08004017   Thumb Code     0  startup_stm32f40_41xxx.o(.text)
    SPI3_IRQHandler                          0x08004017   Thumb Code     0  startup_stm32f40_41xxx.o(.text)
    TAMP_STAMP_IRQHandler                    0x08004017   Thumb Code     0  startup_stm32f40_41xxx.o(.text)
    TIM1_BRK_TIM9_IRQHandler                 0x08004017   Thumb Code     0  startup_stm32f40_41xxx.o(.text)
    TIM1_CC_IRQHandler                       0x08004017   Thumb Code     0  startup_stm32f40_41xxx.o(.text)
    TIM1_TRG_COM_TIM11_IRQHandler            0x08004017   Thumb Code     0  startup_stm32f40_41xxx.o(.text)
    TIM1_UP_TIM10_IRQHandler                 0x08004017   Thumb Code     0  startup_stm32f40_41xxx.o(.text)
    TIM2_IRQHandler                          0x08004017   Thumb Code     0  startup_stm32f40_41xxx.o(.text)
    TIM3_IRQHandler                          0x08004017   Thumb Code     0  startup_stm32f40_41xxx.o(.text)
    TIM4_IRQHandler                          0x08004017   Thumb Code     0  startup_stm32f40_41xxx.o(.text)
    TIM5_IRQHandler                          0x08004017   Thumb Code     0  startup_stm32f40_41xxx.o(.text)
    TIM6_DAC_IRQHandler                      0x08004017   Thumb Code     0  startup_stm32f40_41xxx.o(.text)
    TIM7_IRQHandler                          0x08004017   Thumb Code     0  startup_stm32f40_41xxx.o(.text)
    TIM8_BRK_TIM12_IRQHandler                0x08004017   Thumb Code     0  startup_stm32f40_41xxx.o(.text)
    TIM8_CC_IRQHandler                       0x08004017   Thumb Code     0  startup_stm32f40_41xxx.o(.text)
    TIM8_TRG_COM_TIM14_IRQHandler            0x08004017   Thumb Code     0  startup_stm32f40_41xxx.o(.text)
    TIM8_UP_TIM13_IRQHandler                 0x08004017   Thumb Code     0  startup_stm32f40_41xxx.o(.text)
    UART4_IRQHandler                         0x08004017   Thumb Code     0  startup_stm32f40_41xxx.o(.text)
    UART5_IRQHandler                         0x08004017   Thumb Code     0  startup_stm32f40_41xxx.o(.text)
    USART2_IRQHandler                        0x08004017   Thumb Code     0  startup_stm32f40_41xxx.o(.text)
    USART3_IRQHandler                        0x08004017   Thumb Code     0  startup_stm32f40_41xxx.o(.text)
    USART6_IRQHandler                        0x08004017   Thumb Code     0  startup_stm32f40_41xxx.o(.text)
    WWDG_IRQHandler                          0x08004017   Thumb Code     0  startup_stm32f40_41xxx.o(.text)
    __user_initial_stackheap                 0x08004019   Thumb Code     0  startup_stm32f40_41xxx.o(.text)
    NVIC_PriorityGroupConfig                 0x0800403d   Thumb Code    10  misc.o(.text)
    NVIC_Init                                0x08004047   Thumb Code   106  misc.o(.text)
    NVIC_SetVectorTable                      0x080040b1   Thumb Code    14  misc.o(.text)
    NVIC_SystemLPConfig                      0x080040bf   Thumb Code    34  misc.o(.text)
    SysTick_CLKSourceConfig                  0x080040e1   Thumb Code    40  misc.o(.text)
    GPIO_DeInit                              0x0800411d   Thumb Code   268  stm32f4xx_gpio.o(.text)
    GPIO_Init                                0x08004229   Thumb Code   144  stm32f4xx_gpio.o(.text)
    GPIO_StructInit                          0x080042b9   Thumb Code    18  stm32f4xx_gpio.o(.text)
    GPIO_PinLockConfig                       0x080042cb   Thumb Code    34  stm32f4xx_gpio.o(.text)
    GPIO_ReadInputDataBit                    0x080042ed   Thumb Code    18  stm32f4xx_gpio.o(.text)
    GPIO_ReadInputData                       0x080042ff   Thumb Code     8  stm32f4xx_gpio.o(.text)
    GPIO_ReadOutputDataBit                   0x08004307   Thumb Code    18  stm32f4xx_gpio.o(.text)
    GPIO_ReadOutputData                      0x08004319   Thumb Code     8  stm32f4xx_gpio.o(.text)
    GPIO_SetBits                             0x08004321   Thumb Code     4  stm32f4xx_gpio.o(.text)
    GPIO_ResetBits                           0x08004325   Thumb Code     4  stm32f4xx_gpio.o(.text)
    GPIO_WriteBit                            0x08004329   Thumb Code    10  stm32f4xx_gpio.o(.text)
    GPIO_Write                               0x08004333   Thumb Code     4  stm32f4xx_gpio.o(.text)
    GPIO_ToggleBits                          0x08004337   Thumb Code     8  stm32f4xx_gpio.o(.text)
    GPIO_PinAFConfig                         0x0800433f   Thumb Code    70  stm32f4xx_gpio.o(.text)
    FSMC_NORSRAMDeInit                       0x080043b1   Thumb Code    54  stm32f4xx_fsmc.o(.text)
    FSMC_NORSRAMInit                         0x080043e7   Thumb Code   230  stm32f4xx_fsmc.o(.text)
    FSMC_NORSRAMStructInit                   0x080044cd   Thumb Code    48  stm32f4xx_fsmc.o(.text)
    FSMC_NORSRAMCmd                          0x080044fd   Thumb Code    46  stm32f4xx_fsmc.o(.text)
    FSMC_NANDDeInit                          0x0800452b   Thumb Code    62  stm32f4xx_fsmc.o(.text)
    FSMC_NANDInit                            0x08004569   Thumb Code   132  stm32f4xx_fsmc.o(.text)
    FSMC_NANDStructInit                      0x080045ed   Thumb Code    54  stm32f4xx_fsmc.o(.text)
    FSMC_NANDCmd                             0x08004623   Thumb Code    86  stm32f4xx_fsmc.o(.text)
    FSMC_NANDECCCmd                          0x08004679   Thumb Code    86  stm32f4xx_fsmc.o(.text)
    FSMC_GetECC                              0x080046cf   Thumb Code    24  stm32f4xx_fsmc.o(.text)
    FSMC_PCCARDDeInit                        0x080046e7   Thumb Code    36  stm32f4xx_fsmc.o(.text)
    FSMC_PCCARDInit                          0x0800470b   Thumb Code   130  stm32f4xx_fsmc.o(.text)
    FSMC_PCCARDStructInit                    0x0800478d   Thumb Code    60  stm32f4xx_fsmc.o(.text)
    FSMC_PCCARDCmd                           0x080047c9   Thumb Code    44  stm32f4xx_fsmc.o(.text)
    FSMC_ITConfig                            0x080047f5   Thumb Code   128  stm32f4xx_fsmc.o(.text)
    FSMC_GetFlagStatus                       0x08004875   Thumb Code    54  stm32f4xx_fsmc.o(.text)
    FSMC_ClearFlag                           0x080048ab   Thumb Code    74  stm32f4xx_fsmc.o(.text)
    FSMC_GetITStatus                         0x080048f5   Thumb Code    62  stm32f4xx_fsmc.o(.text)
    FSMC_ClearITPendingBit                   0x08004933   Thumb Code    66  stm32f4xx_fsmc.o(.text)
    RCC_DeInit                               0x08004979   Thumb Code    82  stm32f4xx_rcc.o(.text)
    RCC_HSEConfig                            0x080049cb   Thumb Code    14  stm32f4xx_rcc.o(.text)
    RCC_GetFlagStatus                        0x080049d9   Thumb Code    60  stm32f4xx_rcc.o(.text)
    RCC_WaitForHSEStartUp                    0x08004a15   Thumb Code    56  stm32f4xx_rcc.o(.text)
    RCC_AdjustHSICalibrationValue            0x08004a4d   Thumb Code    20  stm32f4xx_rcc.o(.text)
    RCC_HSICmd                               0x08004a61   Thumb Code     6  stm32f4xx_rcc.o(.text)
    RCC_LSEConfig                            0x08004a67   Thumb Code    46  stm32f4xx_rcc.o(.text)
    RCC_LSICmd                               0x08004a95   Thumb Code     6  stm32f4xx_rcc.o(.text)
    RCC_PLLConfig                            0x08004a9b   Thumb Code    32  stm32f4xx_rcc.o(.text)
    RCC_PLLCmd                               0x08004abb   Thumb Code     6  stm32f4xx_rcc.o(.text)
    RCC_PLLI2SConfig                         0x08004ac1   Thumb Code    14  stm32f4xx_rcc.o(.text)
    RCC_PLLI2SCmd                            0x08004acf   Thumb Code     6  stm32f4xx_rcc.o(.text)
    RCC_PLLSAIConfig                         0x08004ad5   Thumb Code    20  stm32f4xx_rcc.o(.text)
    RCC_PLLSAICmd                            0x08004ae9   Thumb Code     6  stm32f4xx_rcc.o(.text)
    RCC_ClockSecuritySystemCmd               0x08004aef   Thumb Code     6  stm32f4xx_rcc.o(.text)
    RCC_MCO1Config                           0x08004af5   Thumb Code    28  stm32f4xx_rcc.o(.text)
    RCC_MCO2Config                           0x08004b11   Thumb Code    28  stm32f4xx_rcc.o(.text)
    RCC_SYSCLKConfig                         0x08004b2d   Thumb Code    20  stm32f4xx_rcc.o(.text)
    RCC_GetSYSCLKSource                      0x08004b41   Thumb Code    12  stm32f4xx_rcc.o(.text)
    RCC_HCLKConfig                           0x08004b4d   Thumb Code    20  stm32f4xx_rcc.o(.text)
    RCC_PCLK1Config                          0x08004b61   Thumb Code    20  stm32f4xx_rcc.o(.text)
    RCC_PCLK2Config                          0x08004b75   Thumb Code    22  stm32f4xx_rcc.o(.text)
    RCC_GetClocksFreq                        0x08004b8b   Thumb Code   222  stm32f4xx_rcc.o(.text)
    RCC_RTCCLKConfig                         0x08004c69   Thumb Code    54  stm32f4xx_rcc.o(.text)
    RCC_RTCCLKCmd                            0x08004c9f   Thumb Code     8  stm32f4xx_rcc.o(.text)
    RCC_BackupResetCmd                       0x08004ca7   Thumb Code     8  stm32f4xx_rcc.o(.text)
    RCC_I2SCLKConfig                         0x08004caf   Thumb Code     6  stm32f4xx_rcc.o(.text)
    RCC_SAIPLLI2SClkDivConfig                0x08004cb5   Thumb Code    26  stm32f4xx_rcc.o(.text)
    RCC_SAIPLLSAIClkDivConfig                0x08004ccf   Thumb Code    28  stm32f4xx_rcc.o(.text)
    RCC_SAIBlockACLKConfig                   0x08004ceb   Thumb Code    20  stm32f4xx_rcc.o(.text)
    RCC_SAIBlockBCLKConfig                   0x08004cff   Thumb Code    20  stm32f4xx_rcc.o(.text)
    RCC_LTDCCLKDivConfig                     0x08004d13   Thumb Code    20  stm32f4xx_rcc.o(.text)
    RCC_TIMCLKPresConfig                     0x08004d27   Thumb Code     6  stm32f4xx_rcc.o(.text)
    RCC_AHB1PeriphClockCmd                   0x08004d2d   Thumb Code    34  stm32f4xx_rcc.o(.text)
    RCC_AHB2PeriphClockCmd                   0x08004d4f   Thumb Code    78  stm32f4xx_rcc.o(.text)
    RCC_AHB3PeriphClockCmd                   0x08004d9d   Thumb Code    34  stm32f4xx_rcc.o(.text)
    RCC_APB1PeriphClockCmd                   0x08004dbf   Thumb Code    34  stm32f4xx_rcc.o(.text)
    RCC_APB2PeriphClockCmd                   0x08004de1   Thumb Code    34  stm32f4xx_rcc.o(.text)
    RCC_AHB1PeriphResetCmd                   0x08004e03   Thumb Code    34  stm32f4xx_rcc.o(.text)
    RCC_AHB2PeriphResetCmd                   0x08004e25   Thumb Code    34  stm32f4xx_rcc.o(.text)
    RCC_AHB3PeriphResetCmd                   0x08004e47   Thumb Code    34  stm32f4xx_rcc.o(.text)
    RCC_APB1PeriphResetCmd                   0x08004e69   Thumb Code    34  stm32f4xx_rcc.o(.text)
    RCC_APB2PeriphResetCmd                   0x08004e8b   Thumb Code    34  stm32f4xx_rcc.o(.text)
    RCC_AHB1PeriphClockLPModeCmd             0x08004ead   Thumb Code    34  stm32f4xx_rcc.o(.text)
    RCC_AHB2PeriphClockLPModeCmd             0x08004ecf   Thumb Code    34  stm32f4xx_rcc.o(.text)
    RCC_AHB3PeriphClockLPModeCmd             0x08004ef1   Thumb Code    34  stm32f4xx_rcc.o(.text)
    RCC_APB1PeriphClockLPModeCmd             0x08004f13   Thumb Code    34  stm32f4xx_rcc.o(.text)
    RCC_APB2PeriphClockLPModeCmd             0x08004f35   Thumb Code    34  stm32f4xx_rcc.o(.text)
    RCC_LSEModeConfig                        0x08004f57   Thumb Code    40  stm32f4xx_rcc.o(.text)
    RCC_ITConfig                             0x08004f7f   Thumb Code    34  stm32f4xx_rcc.o(.text)
    RCC_ClearFlag                            0x08004fa1   Thumb Code    18  stm32f4xx_rcc.o(.text)
    RCC_GetITStatus                          0x08004fb3   Thumb Code    22  stm32f4xx_rcc.o(.text)
    RCC_ClearITPendingBit                    0x08004fc9   Thumb Code     8  stm32f4xx_rcc.o(.text)
    USART_DeInit                             0x08004fd5   Thumb Code   206  stm32f4xx_usart.o(.text)
    USART_Init                               0x080050a3   Thumb Code   204  stm32f4xx_usart.o(.text)
    USART_StructInit                         0x0800516f   Thumb Code    24  stm32f4xx_usart.o(.text)
    USART_ClockInit                          0x08005187   Thumb Code    32  stm32f4xx_usart.o(.text)
    USART_ClockStructInit                    0x080051a7   Thumb Code    12  stm32f4xx_usart.o(.text)
    USART_Cmd                                0x080051b3   Thumb Code    24  stm32f4xx_usart.o(.text)
    USART_SetPrescaler                       0x080051cb   Thumb Code    16  stm32f4xx_usart.o(.text)
    USART_OverSampling8Cmd                   0x080051db   Thumb Code    22  stm32f4xx_usart.o(.text)
    USART_OneBitMethodCmd                    0x080051f1   Thumb Code    24  stm32f4xx_usart.o(.text)
    USART_SendData                           0x08005209   Thumb Code     8  stm32f4xx_usart.o(.text)
    USART_ReceiveData                        0x08005211   Thumb Code    10  stm32f4xx_usart.o(.text)
    USART_SetAddress                         0x0800521b   Thumb Code    18  stm32f4xx_usart.o(.text)
    USART_ReceiverWakeUpCmd                  0x0800522d   Thumb Code    24  stm32f4xx_usart.o(.text)
    USART_WakeUpConfig                       0x08005245   Thumb Code    18  stm32f4xx_usart.o(.text)
    USART_LINBreakDetectLengthConfig         0x08005257   Thumb Code    18  stm32f4xx_usart.o(.text)
    USART_LINCmd                             0x08005269   Thumb Code    24  stm32f4xx_usart.o(.text)
    USART_SendBreak                          0x08005281   Thumb Code    10  stm32f4xx_usart.o(.text)
    USART_HalfDuplexCmd                      0x0800528b   Thumb Code    24  stm32f4xx_usart.o(.text)
    USART_SetGuardTime                       0x080052a3   Thumb Code    16  stm32f4xx_usart.o(.text)
    USART_SmartCardCmd                       0x080052b3   Thumb Code    24  stm32f4xx_usart.o(.text)
    USART_SmartCardNACKCmd                   0x080052cb   Thumb Code    24  stm32f4xx_usart.o(.text)
    USART_IrDAConfig                         0x080052e3   Thumb Code    18  stm32f4xx_usart.o(.text)
    USART_IrDACmd                            0x080052f5   Thumb Code    24  stm32f4xx_usart.o(.text)
    USART_DMACmd                             0x0800530d   Thumb Code    18  stm32f4xx_usart.o(.text)
    USART_ITConfig                           0x0800531f   Thumb Code    74  stm32f4xx_usart.o(.text)
    USART_GetFlagStatus                      0x08005369   Thumb Code    26  stm32f4xx_usart.o(.text)
    USART_ClearFlag                          0x08005383   Thumb Code    18  stm32f4xx_usart.o(.text)
    USART_GetITStatus                        0x08005395   Thumb Code   118  stm32f4xx_usart.o(.text)
    USART_ClearITPendingBit                  0x0800540b   Thumb Code    30  stm32f4xx_usart.o(.text)
    ADC_DeInit                               0x08005429   Thumb Code    22  stm32f4xx_adc.o(.text)
    ADC_Init                                 0x0800543f   Thumb Code    74  stm32f4xx_adc.o(.text)
    ADC_StructInit                           0x08005489   Thumb Code    20  stm32f4xx_adc.o(.text)
    ADC_CommonInit                           0x0800549d   Thumb Code    34  stm32f4xx_adc.o(.text)
    ADC_CommonStructInit                     0x080054bf   Thumb Code    12  stm32f4xx_adc.o(.text)
    ADC_Cmd                                  0x080054cb   Thumb Code    22  stm32f4xx_adc.o(.text)
    ADC_AnalogWatchdogCmd                    0x080054e1   Thumb Code    16  stm32f4xx_adc.o(.text)
    ADC_AnalogWatchdogThresholdsConfig       0x080054f1   Thumb Code     6  stm32f4xx_adc.o(.text)
    ADC_AnalogWatchdogSingleChannelConfig    0x080054f7   Thumb Code    16  stm32f4xx_adc.o(.text)
    ADC_TempSensorVrefintCmd                 0x08005507   Thumb Code    34  stm32f4xx_adc.o(.text)
    ADC_VBATCmd                              0x08005529   Thumb Code    34  stm32f4xx_adc.o(.text)
    ADC_RegularChannelConfig                 0x0800554b   Thumb Code   184  stm32f4xx_adc.o(.text)
    ADC_SoftwareStartConv                    0x08005603   Thumb Code    10  stm32f4xx_adc.o(.text)
    ADC_GetSoftwareStartConvStatus           0x0800560d   Thumb Code    20  stm32f4xx_adc.o(.text)
    ADC_EOCOnEachRegularChannelCmd           0x08005621   Thumb Code    22  stm32f4xx_adc.o(.text)
    ADC_ContinuousModeCmd                    0x08005637   Thumb Code    22  stm32f4xx_adc.o(.text)
    ADC_DiscModeChannelCountConfig           0x0800564d   Thumb Code    24  stm32f4xx_adc.o(.text)
    ADC_DiscModeCmd                          0x08005665   Thumb Code    22  stm32f4xx_adc.o(.text)
    ADC_GetConversionValue                   0x0800567b   Thumb Code     8  stm32f4xx_adc.o(.text)
    ADC_GetMultiModeConversionValue          0x08005683   Thumb Code     8  stm32f4xx_adc.o(.text)
    ADC_DMACmd                               0x0800568b   Thumb Code    22  stm32f4xx_adc.o(.text)
    ADC_DMARequestAfterLastTransferCmd       0x080056a1   Thumb Code    22  stm32f4xx_adc.o(.text)
    ADC_MultiModeDMARequestAfterLastTransferCmd 0x080056b7   Thumb Code    34  stm32f4xx_adc.o(.text)
    ADC_InjectedChannelConfig                0x080056d9   Thumb Code   130  stm32f4xx_adc.o(.text)
    ADC_InjectedSequencerLengthConfig        0x0800575b   Thumb Code    24  stm32f4xx_adc.o(.text)
    ADC_SetInjectedOffset                    0x08005773   Thumb Code    20  stm32f4xx_adc.o(.text)
    ADC_ExternalTrigInjectedConvConfig       0x08005787   Thumb Code    16  stm32f4xx_adc.o(.text)
    ADC_ExternalTrigInjectedConvEdgeConfig   0x08005797   Thumb Code    16  stm32f4xx_adc.o(.text)
    ADC_SoftwareStartInjectedConv            0x080057a7   Thumb Code    10  stm32f4xx_adc.o(.text)
    ADC_GetSoftwareStartInjectedConvCmdStatus 0x080057b1   Thumb Code    20  stm32f4xx_adc.o(.text)
    ADC_AutoInjectedConvCmd                  0x080057c5   Thumb Code    22  stm32f4xx_adc.o(.text)
    ADC_InjectedDiscModeCmd                  0x080057db   Thumb Code    22  stm32f4xx_adc.o(.text)
    ADC_GetInjectedConversionValue           0x080057f1   Thumb Code    28  stm32f4xx_adc.o(.text)
    ADC_ITConfig                             0x0800580d   Thumb Code    56  stm32f4xx_adc.o(.text)
    ADC_GetFlagStatus                        0x08005845   Thumb Code    18  stm32f4xx_adc.o(.text)
    ADC_ClearFlag                            0x08005857   Thumb Code     6  stm32f4xx_adc.o(.text)
    ADC_GetITStatus                          0x0800585d   Thumb Code    38  stm32f4xx_adc.o(.text)
    ADC_ClearITPendingBit                    0x08005883   Thumb Code    10  stm32f4xx_adc.o(.text)
    __use_no_semihosting                     0x0800588d   Thumb Code     2  use_no_semi_2.o(.text)
    __2printf                                0x08005891   Thumb Code    20  noretval__2printf.o(.text)
    __printf                                 0x080058a9   Thumb Code   104  __printf.o(.text)
    _printf_int_hex                          0x08005911   Thumb Code    84  _printf_hex_int.o(.text)
    _printf_longlong_hex                     0x08005911   Thumb Code     0  _printf_hex_int.o(.text)
    __use_two_region_memory                  0x08005969   Thumb Code     2  heapauxi.o(.text)
    __rt_heap_escrow$2region                 0x0800596b   Thumb Code     2  heapauxi.o(.text)
    __rt_heap_expand$2region                 0x0800596d   Thumb Code     2  heapauxi.o(.text)
    __I$use$semihosting                      0x0800596f   Thumb Code     0  use_no_semi.o(.text)
    __use_no_semihosting_swi                 0x0800596f   Thumb Code     2  use_no_semi.o(.text)
    __read_errno                             0x08005971   Thumb Code    10  _rserrno.o(.text)
    __set_errno                              0x0800597b   Thumb Code    12  _rserrno.o(.text)
    _printf_int_common                       0x08005987   Thumb Code   178  _printf_intcommon.o(.text)
    _printf_char_file                        0x08005a39   Thumb Code    32  _printf_char_file.o(.text)
    __aeabi_errno_addr                       0x08005a5d   Thumb Code     8  rt_errno_addr_intlibspace.o(.text)
    __errno$intlibspace                      0x08005a5d   Thumb Code     0  rt_errno_addr_intlibspace.o(.text)
    __rt_errno_addr$intlibspace              0x08005a5d   Thumb Code     0  rt_errno_addr_intlibspace.o(.text)
    _printf_char_common                      0x08005a6f   Thumb Code    32  _printf_char_common.o(.text)
    ferror                                   0x08005a95   Thumb Code     8  ferror.o(.text)
    __user_libspace                          0x08005a9d   Thumb Code     8  libspace.o(.text)
    __user_perproc_libspace                  0x08005a9d   Thumb Code     0  libspace.o(.text)
    __user_perthread_libspace                0x08005a9d   Thumb Code     0  libspace.o(.text)
    __user_setup_stackheap                   0x08005aa5   Thumb Code    74  sys_stackheap_outer.o(.text)
    exit                                     0x08005aef   Thumb Code    18  exit.o(.text)
    __ARM_fpclassify                         0x08005b01   Thumb Code    48  fpclassify.o(i.__ARM_fpclassify)
    __hardfp_pow                             0x08005b31   Thumb Code  3072  pow.o(i.__hardfp_pow)
    __kernel_poly                            0x08006781   Thumb Code   248  poly.o(i.__kernel_poly)
    __mathlib_dbl_divzero                    0x08006879   Thumb Code    28  dunder.o(i.__mathlib_dbl_divzero)
    __mathlib_dbl_infnan2                    0x080068a9   Thumb Code    20  dunder.o(i.__mathlib_dbl_infnan2)
    __mathlib_dbl_invalid                    0x080068c1   Thumb Code    24  dunder.o(i.__mathlib_dbl_invalid)
    __mathlib_dbl_overflow                   0x080068e1   Thumb Code    24  dunder.o(i.__mathlib_dbl_overflow)
    __mathlib_dbl_underflow                  0x08006901   Thumb Code    24  dunder.o(i.__mathlib_dbl_underflow)
    fabs                                     0x08006921   Thumb Code    24  fabs.o(i.fabs)
    sqrt                                     0x08006939   Thumb Code   110  sqrt.o(i.sqrt)
    __aeabi_dneg                             0x080069a7   Thumb Code     0  basic.o(x$fpl$basic)
    _dneg                                    0x080069a7   Thumb Code     6  basic.o(x$fpl$basic)
    __aeabi_fneg                             0x080069ad   Thumb Code     0  basic.o(x$fpl$basic)
    _fneg                                    0x080069ad   Thumb Code     6  basic.o(x$fpl$basic)
    _dabs                                    0x080069b3   Thumb Code     6  basic.o(x$fpl$basic)
    _fabs                                    0x080069b9   Thumb Code     6  basic.o(x$fpl$basic)
    __aeabi_d2f                              0x080069c1   Thumb Code     0  d2f.o(x$fpl$d2f)
    _d2f                                     0x080069c1   Thumb Code    98  d2f.o(x$fpl$d2f)
    __aeabi_dadd                             0x08006a25   Thumb Code     0  daddsub_clz.o(x$fpl$dadd)
    _dadd                                    0x08006a25   Thumb Code   332  daddsub_clz.o(x$fpl$dadd)
    __fpl_dcheck_NaN1                        0x08006b75   Thumb Code    10  dcheck1.o(x$fpl$dcheck1)
    __fpl_dcmp_Inf                           0x08006b85   Thumb Code    24  dcmpi.o(x$fpl$dcmpinf)
    __aeabi_ddiv                             0x08006b9d   Thumb Code     0  ddiv.o(x$fpl$ddiv)
    _ddiv                                    0x08006b9d   Thumb Code   552  ddiv.o(x$fpl$ddiv)
    __aeabi_d2uiz                            0x08006e4d   Thumb Code     0  dfixu.o(x$fpl$dfixu)
    _dfixu                                   0x08006e4d   Thumb Code    90  dfixu.o(x$fpl$dfixu)
    __aeabi_i2d                              0x08006ea7   Thumb Code     0  dflt_clz.o(x$fpl$dflt)
    _dflt                                    0x08006ea7   Thumb Code    46  dflt_clz.o(x$fpl$dflt)
    __aeabi_ui2d                             0x08006ed5   Thumb Code     0  dflt_clz.o(x$fpl$dfltu)
    _dfltu                                   0x08006ed5   Thumb Code    38  dflt_clz.o(x$fpl$dfltu)
    __aeabi_cdcmple                          0x08006efd   Thumb Code     0  dleqf.o(x$fpl$dleqf)
    _dcmple                                  0x08006efd   Thumb Code   120  dleqf.o(x$fpl$dleqf)
    __fpl_dcmple_InfNaN                      0x08006f5f   Thumb Code     0  dleqf.o(x$fpl$dleqf)
    __aeabi_dmul                             0x08006f75   Thumb Code     0  dmul.o(x$fpl$dmul)
    _dmul                                    0x08006f75   Thumb Code   332  dmul.o(x$fpl$dmul)
    __fpl_dnaninf                            0x080070c9   Thumb Code   156  dnaninf.o(x$fpl$dnaninf)
    __fpl_dretinf                            0x08007165   Thumb Code    12  dretinf.o(x$fpl$dretinf)
    __aeabi_cdrcmple                         0x08007171   Thumb Code     0  drleqf.o(x$fpl$drleqf)
    _drcmple                                 0x08007171   Thumb Code   108  drleqf.o(x$fpl$drleqf)
    __aeabi_drsub                            0x080071dd   Thumb Code     0  daddsub_clz.o(x$fpl$drsb)
    _drsb                                    0x080071dd   Thumb Code    22  daddsub_clz.o(x$fpl$drsb)
    _dsqrt                                   0x080071f5   Thumb Code   404  dsqrt_umaal.o(x$fpl$dsqrt)
    __aeabi_dsub                             0x0800738d   Thumb Code     0  daddsub_clz.o(x$fpl$dsub)
    _dsub                                    0x0800738d   Thumb Code   464  daddsub_clz.o(x$fpl$dsub)
    __aeabi_f2d                              0x08007561   Thumb Code     0  f2d.o(x$fpl$f2d)
    _f2d                                     0x08007561   Thumb Code    86  f2d.o(x$fpl$f2d)
    __fpl_fnaninf                            0x080075b7   Thumb Code   140  fnaninf.o(x$fpl$fnaninf)
    _fp_init                                 0x08007643   Thumb Code    10  fpinit.o(x$fpl$fpinit)
    __fplib_config_fpu_vfp                   0x0800764b   Thumb Code     0  fpinit.o(x$fpl$fpinit)
    __fplib_config_pureend_doubles           0x0800764b   Thumb Code     0  fpinit.o(x$fpl$fpinit)
    __fpl_fretinf                            0x0800764d   Thumb Code    10  fretinf.o(x$fpl$fretinf)
    __fpl_return_NaN                         0x08007657   Thumb Code   100  retnan.o(x$fpl$retnan)
    __ARM_scalbn                             0x080076bb   Thumb Code    92  scalbn.o(x$fpl$scalbn)
    __fpl_cmpreturn                          0x08007717   Thumb Code    48  trapv.o(x$fpl$trapveneer)
    __I$use$fp                               0x08007746   Number         0  usenofp.o(x$fpl$usenofp)
    asc2_1206                                0x08007746   Data        1140  lcd.o(.constdata)
    asc2_1608                                0x08007bba   Data        1520  lcd.o(.constdata)
    asc2_2412                                0x080081aa   Data        3420  lcd.o(.constdata)
    FSMC_DefaultTimingStruct                 0x08008f08   Data          28  stm32f4xx_fsmc.o(.constdata)
    __mathlib_zero                           0x08008fd8   Data           8  qnan.o(.constdata)
    Region$$Table$$Base                      0x08008fe0   Number         0  anon$$obj.o(Region$$Table)
    Region$$Table$$Limit                     0x08009000   Number         0  anon$$obj.o(Region$$Table)
    Smog_yu                                  0x20000000   Data           1  main.o(.data)
    SystemCoreClock                          0x20000004   Data           4  system_stm32f4xx.o(.data)
    AHBPrescTable                            0x20000008   Data          16  system_stm32f4xx.o(.data)
    POINT_COLOR                              0x20000018   Data           2  lcd.o(.data)
    BACK_COLOR                               0x2000001a   Data           2  lcd.o(.data)
    __stdout                                 0x20000020   Data           4  usart.o(.data)
    USART_RX_STA                             0x20000024   Data           2  usart.o(.data)
    lcddev                                   0x20000038   Data          14  lcd.o(.bss)
    USART_RX_BUF                             0x20000046   Data         200  usart.o(.bss)
    __libspace_start                         0x20000110   Data          96  libspace.o(.bss)
    __temporary_stack_top$libspace           0x20000170   Data           0  libspace.o(.bss)



==============================================================================

Memory Map of the image

  Image Entry point : 0x08000189

  Load Region LR_IROM1 (Base: 0x08000000, Size: 0x00009038, Max: 0x00100000, ABSOLUTE)

    Execution Region ER_IROM1 (Exec base: 0x08000000, Load base: 0x08000000, Size: 0x00009000, Max: 0x00100000, ABSOLUTE)

    Exec Addr    Load Addr    Size         Type   Attr      Idx    E Section Name        Object

    0x08000000   0x08000000   0x00000188   Data   RO          502    RESET               startup_stm32f40_41xxx.o
    0x08000188   0x08000188   0x00000008   Code   RO          727  * !!!main             c_w.l(__main.o)
    0x08000190   0x08000190   0x00000034   Code   RO         1006    !!!scatter          c_w.l(__scatter.o)
    0x080001c4   0x080001c4   0x0000001a   Code   RO         1008    !!handler_copy      c_w.l(__scatter_copy.o)
    0x080001de   0x080001de   0x00000002   PAD
    0x080001e0   0x080001e0   0x0000001c   Code   RO         1010    !!handler_zi        c_w.l(__scatter_zi.o)
    0x080001fc   0x080001fc   0x00000000   Code   RO          724    .ARM.Collect$$_printf_percent$$00000000  c_w.l(_printf_percent.o)
    0x080001fc   0x080001fc   0x00000006   Code   RO          723    .ARM.Collect$$_printf_percent$$0000000C  c_w.l(_printf_x.o)
    0x08000202   0x08000202   0x00000004   Code   RO          768    .ARM.Collect$$_printf_percent$$00000017  c_w.l(_printf_percent_end.o)
    0x08000206   0x08000206   0x00000002   Code   RO          877    .ARM.Collect$$libinit$$00000000  c_w.l(libinit.o)
    0x08000208   0x08000208   0x00000004   Code   RO          884    .ARM.Collect$$libinit$$00000001  c_w.l(libinit2.o)
    0x0800020c   0x0800020c   0x00000000   Code   RO          887    .ARM.Collect$$libinit$$00000004  c_w.l(libinit2.o)
    0x0800020c   0x0800020c   0x00000000   Code   RO          890    .ARM.Collect$$libinit$$0000000A  c_w.l(libinit2.o)
    0x0800020c   0x0800020c   0x00000000   Code   RO          892    .ARM.Collect$$libinit$$0000000C  c_w.l(libinit2.o)
    0x0800020c   0x0800020c   0x00000000   Code   RO          894    .ARM.Collect$$libinit$$0000000E  c_w.l(libinit2.o)
    0x0800020c   0x0800020c   0x00000000   Code   RO          897    .ARM.Collect$$libinit$$00000011  c_w.l(libinit2.o)
    0x0800020c   0x0800020c   0x00000000   Code   RO          899    .ARM.Collect$$libinit$$00000013  c_w.l(libinit2.o)
    0x0800020c   0x0800020c   0x00000000   Code   RO          901    .ARM.Collect$$libinit$$00000015  c_w.l(libinit2.o)
    0x0800020c   0x0800020c   0x00000000   Code   RO          903    .ARM.Collect$$libinit$$00000017  c_w.l(libinit2.o)
    0x0800020c   0x0800020c   0x00000000   Code   RO          905    .ARM.Collect$$libinit$$00000019  c_w.l(libinit2.o)
    0x0800020c   0x0800020c   0x00000000   Code   RO          907    .ARM.Collect$$libinit$$0000001B  c_w.l(libinit2.o)
    0x0800020c   0x0800020c   0x00000000   Code   RO          909    .ARM.Collect$$libinit$$0000001D  c_w.l(libinit2.o)
    0x0800020c   0x0800020c   0x00000000   Code   RO          911    .ARM.Collect$$libinit$$0000001F  c_w.l(libinit2.o)
    0x0800020c   0x0800020c   0x00000000   Code   RO          913    .ARM.Collect$$libinit$$00000021  c_w.l(libinit2.o)
    0x0800020c   0x0800020c   0x00000000   Code   RO          915    .ARM.Collect$$libinit$$00000023  c_w.l(libinit2.o)
    0x0800020c   0x0800020c   0x00000000   Code   RO          917    .ARM.Collect$$libinit$$00000025  c_w.l(libinit2.o)
    0x0800020c   0x0800020c   0x00000000   Code   RO          921    .ARM.Collect$$libinit$$0000002C  c_w.l(libinit2.o)
    0x0800020c   0x0800020c   0x00000000   Code   RO          923    .ARM.Collect$$libinit$$0000002E  c_w.l(libinit2.o)
    0x0800020c   0x0800020c   0x00000000   Code   RO          925    .ARM.Collect$$libinit$$00000030  c_w.l(libinit2.o)
    0x0800020c   0x0800020c   0x00000000   Code   RO          927    .ARM.Collect$$libinit$$00000032  c_w.l(libinit2.o)
    0x0800020c   0x0800020c   0x00000002   Code   RO          928    .ARM.Collect$$libinit$$00000033  c_w.l(libinit2.o)
    0x0800020e   0x0800020e   0x00000002   Code   RO          948    .ARM.Collect$$libshutdown$$00000000  c_w.l(libshutdown.o)
    0x08000210   0x08000210   0x00000000   Code   RO          958    .ARM.Collect$$libshutdown$$00000002  c_w.l(libshutdown2.o)
    0x08000210   0x08000210   0x00000000   Code   RO          960    .ARM.Collect$$libshutdown$$00000004  c_w.l(libshutdown2.o)
    0x08000210   0x08000210   0x00000000   Code   RO          963    .ARM.Collect$$libshutdown$$00000007  c_w.l(libshutdown2.o)
    0x08000210   0x08000210   0x00000000   Code   RO          966    .ARM.Collect$$libshutdown$$0000000A  c_w.l(libshutdown2.o)
    0x08000210   0x08000210   0x00000000   Code   RO          968    .ARM.Collect$$libshutdown$$0000000C  c_w.l(libshutdown2.o)
    0x08000210   0x08000210   0x00000000   Code   RO          971    .ARM.Collect$$libshutdown$$0000000F  c_w.l(libshutdown2.o)
    0x08000210   0x08000210   0x00000002   Code   RO          972    .ARM.Collect$$libshutdown$$00000010  c_w.l(libshutdown2.o)
    0x08000212   0x08000212   0x00000000   Code   RO          761    .ARM.Collect$$rtentry$$00000000  c_w.l(__rtentry.o)
    0x08000212   0x08000212   0x00000000   Code   RO          832    .ARM.Collect$$rtentry$$00000002  c_w.l(__rtentry2.o)
    0x08000212   0x08000212   0x00000006   Code   RO          844    .ARM.Collect$$rtentry$$00000004  c_w.l(__rtentry4.o)
    0x08000218   0x08000218   0x00000000   Code   RO          834    .ARM.Collect$$rtentry$$00000009  c_w.l(__rtentry2.o)
    0x08000218   0x08000218   0x00000004   Code   RO          835    .ARM.Collect$$rtentry$$0000000A  c_w.l(__rtentry2.o)
    0x0800021c   0x0800021c   0x00000000   Code   RO          837    .ARM.Collect$$rtentry$$0000000C  c_w.l(__rtentry2.o)
    0x0800021c   0x0800021c   0x00000008   Code   RO          838    .ARM.Collect$$rtentry$$0000000D  c_w.l(__rtentry2.o)
    0x08000224   0x08000224   0x00000002   Code   RO          882    .ARM.Collect$$rtexit$$00000000  c_w.l(rtexit.o)
    0x08000226   0x08000226   0x00000000   Code   RO          932    .ARM.Collect$$rtexit$$00000002  c_w.l(rtexit2.o)
    0x08000226   0x08000226   0x00000004   Code   RO          933    .ARM.Collect$$rtexit$$00000003  c_w.l(rtexit2.o)
    0x0800022a   0x0800022a   0x00000006   Code   RO          934    .ARM.Collect$$rtexit$$00000004  c_w.l(rtexit2.o)
    0x08000230   0x08000230   0x00000100   Code   RO            3    .text               main.o
    0x08000330   0x08000330   0x0000001a   Code   RO          164    .text               stm32f4xx_it.o
    0x0800034a   0x0800034a   0x00000002   PAD
    0x0800034c   0x0800034c   0x00000210   Code   RO          288    .text               system_stm32f4xx.o
    0x0800055c   0x0800055c   0x00000040   Code   RO          314    .text               led.o
    0x0800059c   0x0800059c   0x00003664   Code   RO          366    .text               lcd.o
    0x08003c00   0x08003c00   0x000001b0   Code   RO          411    .text               mq9.o
    0x08003db0   0x08003db0   0x00000104   Code   RO          431    .text               delay.o
    0x08003eb4   0x08003eb4   0x00000148   Code   RO          471    .text               usart.o
    0x08003ffc   0x08003ffc   0x00000040   Code   RO          503    .text               startup_stm32f40_41xxx.o
    0x0800403c   0x0800403c   0x000000e0   Code   RO          509    .text               misc.o
    0x0800411c   0x0800411c   0x00000294   Code   RO          529    .text               stm32f4xx_gpio.o
    0x080043b0   0x080043b0   0x000005c8   Code   RO          549    .text               stm32f4xx_fsmc.o
    0x08004978   0x08004978   0x0000065c   Code   RO          572    .text               stm32f4xx_rcc.o
    0x08004fd4   0x08004fd4   0x00000454   Code   RO          614    .text               stm32f4xx_usart.o
    0x08005428   0x08005428   0x00000464   Code   RO          634    .text               stm32f4xx_adc.o
    0x0800588c   0x0800588c   0x00000002   Code   RO          674    .text               c_w.l(use_no_semi_2.o)
    0x0800588e   0x0800588e   0x00000002   PAD
    0x08005890   0x08005890   0x00000018   Code   RO          678    .text               c_w.l(noretval__2printf.o)
    0x080058a8   0x080058a8   0x00000068   Code   RO          680    .text               c_w.l(__printf.o)
    0x08005910   0x08005910   0x00000058   Code   RO          685    .text               c_w.l(_printf_hex_int.o)
    0x08005968   0x08005968   0x00000006   Code   RO          725    .text               c_w.l(heapauxi.o)
    0x0800596e   0x0800596e   0x00000002   Code   RO          759    .text               c_w.l(use_no_semi.o)
    0x08005970   0x08005970   0x00000016   Code   RO          762    .text               c_w.l(_rserrno.o)
    0x08005986   0x08005986   0x000000b2   Code   RO          764    .text               c_w.l(_printf_intcommon.o)
    0x08005a38   0x08005a38   0x00000024   Code   RO          766    .text               c_w.l(_printf_char_file.o)
    0x08005a5c   0x08005a5c   0x00000008   Code   RO          849    .text               c_w.l(rt_errno_addr_intlibspace.o)
    0x08005a64   0x08005a64   0x00000030   Code   RO          851    .text               c_w.l(_printf_char_common.o)
    0x08005a94   0x08005a94   0x00000008   Code   RO          853    .text               c_w.l(ferror.o)
    0x08005a9c   0x08005a9c   0x00000008   Code   RO          863    .text               c_w.l(libspace.o)
    0x08005aa4   0x08005aa4   0x0000004a   Code   RO          866    .text               c_w.l(sys_stackheap_outer.o)
    0x08005aee   0x08005aee   0x00000012   Code   RO          870    .text               c_w.l(exit.o)
    0x08005b00   0x08005b00   0x00000030   Code   RO          814    i.__ARM_fpclassify  m_wm.l(fpclassify.o)
    0x08005b30   0x08005b30   0x00000c50   Code   RO          745    i.__hardfp_pow      m_wm.l(pow.o)
    0x08006780   0x08006780   0x000000f8   Code   RO          816    i.__kernel_poly     m_wm.l(poly.o)
    0x08006878   0x08006878   0x00000030   Code   RO          794    i.__mathlib_dbl_divzero  m_wm.l(dunder.o)
    0x080068a8   0x080068a8   0x00000014   Code   RO          796    i.__mathlib_dbl_infnan2  m_wm.l(dunder.o)
    0x080068bc   0x080068bc   0x00000004   PAD
    0x080068c0   0x080068c0   0x00000020   Code   RO          797    i.__mathlib_dbl_invalid  m_wm.l(dunder.o)
    0x080068e0   0x080068e0   0x00000020   Code   RO          798    i.__mathlib_dbl_overflow  m_wm.l(dunder.o)
    0x08006900   0x08006900   0x00000020   Code   RO          800    i.__mathlib_dbl_underflow  m_wm.l(dunder.o)
    0x08006920   0x08006920   0x00000018   Code   RO          810    i.fabs              m_wm.l(fabs.o)
    0x08006938   0x08006938   0x0000006e   Code   RO          821    i.sqrt              m_wm.l(sqrt.o)
    0x080069a6   0x080069a6   0x00000018   Code   RO          769    x$fpl$basic         fz_wm.l(basic.o)
    0x080069be   0x080069be   0x00000002   PAD
    0x080069c0   0x080069c0   0x00000062   Code   RO          729    x$fpl$d2f           fz_wm.l(d2f.o)
    0x08006a22   0x08006a22   0x00000002   PAD
    0x08006a24   0x08006a24   0x00000150   Code   RO          771    x$fpl$dadd          fz_wm.l(daddsub_clz.o)
    0x08006b74   0x08006b74   0x00000010   Code   RO          857    x$fpl$dcheck1       fz_wm.l(dcheck1.o)
    0x08006b84   0x08006b84   0x00000018   Code   RO          878    x$fpl$dcmpinf       fz_wm.l(dcmpi.o)
    0x08006b9c   0x08006b9c   0x000002b0   Code   RO          778    x$fpl$ddiv          fz_wm.l(ddiv.o)
    0x08006e4c   0x08006e4c   0x0000005a   Code   RO          731    x$fpl$dfixu         fz_wm.l(dfixu.o)
    0x08006ea6   0x08006ea6   0x0000002e   Code   RO          736    x$fpl$dflt          fz_wm.l(dflt_clz.o)
    0x08006ed4   0x08006ed4   0x00000026   Code   RO          735    x$fpl$dfltu         fz_wm.l(dflt_clz.o)
    0x08006efa   0x08006efa   0x00000002   PAD
    0x08006efc   0x08006efc   0x00000078   Code   RO          859    x$fpl$dleqf         fz_wm.l(dleqf.o)
    0x08006f74   0x08006f74   0x00000154   Code   RO          741    x$fpl$dmul          fz_wm.l(dmul.o)
    0x080070c8   0x080070c8   0x0000009c   Code   RO          781    x$fpl$dnaninf       fz_wm.l(dnaninf.o)
    0x08007164   0x08007164   0x0000000c   Code   RO          783    x$fpl$dretinf       fz_wm.l(dretinf.o)
    0x08007170   0x08007170   0x0000006c   Code   RO          785    x$fpl$drleqf        fz_wm.l(drleqf.o)
    0x080071dc   0x080071dc   0x00000016   Code   RO          772    x$fpl$drsb          fz_wm.l(daddsub_clz.o)
    0x080071f2   0x080071f2   0x00000002   PAD
    0x080071f4   0x080071f4   0x00000198   Code   RO          861    x$fpl$dsqrt         fz_wm.l(dsqrt_umaal.o)
    0x0800738c   0x0800738c   0x000001d4   Code   RO          773    x$fpl$dsub          fz_wm.l(daddsub_clz.o)
    0x08007560   0x08007560   0x00000056   Code   RO          743    x$fpl$f2d           fz_wm.l(f2d.o)
    0x080075b6   0x080075b6   0x0000008c   Code   RO          787    x$fpl$fnaninf       fz_wm.l(fnaninf.o)
    0x08007642   0x08007642   0x0000000a   Code   RO          940    x$fpl$fpinit        fz_wm.l(fpinit.o)
    0x0800764c   0x0800764c   0x0000000a   Code   RO          789    x$fpl$fretinf       fz_wm.l(fretinf.o)
    0x08007656   0x08007656   0x00000064   Code   RO          880    x$fpl$retnan        fz_wm.l(retnan.o)
    0x080076ba   0x080076ba   0x0000005c   Code   RO          791    x$fpl$scalbn        fz_wm.l(scalbn.o)
    0x08007716   0x08007716   0x00000030   Code   RO          929    x$fpl$trapveneer    fz_wm.l(trapv.o)
    0x08007746   0x08007746   0x00000000   Code   RO          793    x$fpl$usenofp       fz_wm.l(usenofp.o)
    0x08007746   0x08007746   0x000017c0   Data   RO          368    .constdata          lcd.o
    0x08008f06   0x08008f06   0x00000002   PAD
    0x08008f08   0x08008f08   0x0000001c   Data   RO          550    .constdata          stm32f4xx_fsmc.o
    0x08008f24   0x08008f24   0x00000028   Data   RO          686    .constdata          c_w.l(_printf_hex_int.o)
    0x08008f4c   0x08008f4c   0x00000004   PAD
    0x08008f50   0x08008f50   0x00000088   Data   RO          748    .constdata          m_wm.l(pow.o)
    0x08008fd8   0x08008fd8   0x00000008   Data   RO          818    .constdata          m_wm.l(qnan.o)
    0x08008fe0   0x08008fe0   0x00000020   Data   RO         1004    Region$$Table       anon$$obj.o


    Execution Region RW_IRAM1 (Exec base: 0x20000000, Load base: 0x08009000, Size: 0x00000770, Max: 0x00020000, ABSOLUTE)

    Exec Addr    Load Addr    Size         Type   Attr      Idx    E Section Name        Object

    0x20000000   0x08009000   0x00000001   Data   RW            4    .data               main.o
    0x20000001   0x08009001   0x00000003   PAD
    0x20000004   0x08009004   0x00000014   Data   RW          289    .data               system_stm32f4xx.o
    0x20000018   0x08009018   0x00000004   Data   RW          369    .data               lcd.o
    0x2000001c   0x0800901c   0x00000004   Data   RW          432    .data               delay.o
    0x20000020   0x08009020   0x00000006   Data   RW          473    .data               usart.o
    0x20000026   0x08009026   0x00000010   Data   RW          573    .data               stm32f4xx_rcc.o
    0x20000036   0x08009036   0x00000002   PAD
    0x20000038        -       0x0000000e   Zero   RW          367    .bss                lcd.o
    0x20000046        -       0x000000c8   Zero   RW          472    .bss                usart.o
    0x2000010e   0x08009036   0x00000002   PAD
    0x20000110        -       0x00000060   Zero   RW          864    .bss                c_w.l(libspace.o)
    0x20000170        -       0x00000200   Zero   RW          501    HEAP                startup_stm32f40_41xxx.o
    0x20000370        -       0x00000400   Zero   RW          500    STACK               startup_stm32f40_41xxx.o


==============================================================================

Image component sizes


      Code (inc. data)   RO Data    RW Data    ZI Data      Debug   Object Name

       260          8          0          4          0       1497   delay.o
     13924        140       6080          4         14      19150   lcd.o
        64          4          0          0          0     243535   led.o
       256         50          0          1          0     253637   main.o
       224         20          0          0          0       1833   misc.o
       432         44          0          0          0       1607   mq9.o
        64         26        392          0       1536        996   startup_stm32f40_41xxx.o
      1124         24          0          0          0      10702   stm32f4xx_adc.o
      1480         18         28          0          0       5670   stm32f4xx_fsmc.o
       660         44          0          0          0       4177   stm32f4xx_gpio.o
        26          0          0          0          0      37314   stm32f4xx_it.o
      1628         52          0         16          0      13056   stm32f4xx_rcc.o
      1108         34          0          0          0       7900   stm32f4xx_usart.o
       528         46          0         20          0       1803   system_stm32f4xx.o
       328         16          0          6        200       3318   usart.o

    ----------------------------------------------------------------------
     22108        526       6534         56       1752     606195   Object Totals
         0          0         32          0          0          0   (incl. Generated)
         2          0          2          5          2          0   (incl. Padding)

    ----------------------------------------------------------------------

      Code (inc. data)   RO Data    RW Data    ZI Data      Debug   Library Member Name

         8          0          0          0          0         68   __main.o
       104          0          0          0          0         84   __printf.o
         0          0          0          0          0          0   __rtentry.o
        12          0          0          0          0          0   __rtentry2.o
         6          0          0          0          0          0   __rtentry4.o
        52          8          0          0          0          0   __scatter.o
        26          0          0          0          0          0   __scatter_copy.o
        28          0          0          0          0          0   __scatter_zi.o
        48          6          0          0          0         96   _printf_char_common.o
        36          4          0          0          0         80   _printf_char_file.o
        88          4         40          0          0         88   _printf_hex_int.o
       178          0          0          0          0         88   _printf_intcommon.o
         0          0          0          0          0          0   _printf_percent.o
         4          0          0          0          0          0   _printf_percent_end.o
         6          0          0          0          0          0   _printf_x.o
        22          0          0          0          0        100   _rserrno.o
        18          0          0          0          0         80   exit.o
         8          0          0          0          0         68   ferror.o
         6          0          0          0          0        152   heapauxi.o
         2          0          0          0          0          0   libinit.o
         6          0          0          0          0          0   libinit2.o
         2          0          0          0          0          0   libshutdown.o
         2          0          0          0          0          0   libshutdown2.o
         8          4          0          0         96         68   libspace.o
        24          4          0          0          0         84   noretval__2printf.o
         8          4          0          0          0         68   rt_errno_addr_intlibspace.o
         2          0          0          0          0          0   rtexit.o
        10          0          0          0          0          0   rtexit2.o
        74          0          0          0          0         80   sys_stackheap_outer.o
         2          0          0          0          0         68   use_no_semi.o
         2          0          0          0          0         68   use_no_semi_2.o
        24          0          0          0          0        164   basic.o
        98          4          0          0          0        140   d2f.o
       826         16          0          0          0        492   daddsub_clz.o
        16          4          0          0          0        116   dcheck1.o
        24          0          0          0          0        116   dcmpi.o
       688        140          0          0          0        256   ddiv.o
        90          4          0          0          0        140   dfixu.o
        84          0          0          0          0        232   dflt_clz.o
       120          4          0          0          0        140   dleqf.o
       340         12          0          0          0        152   dmul.o
       156          4          0          0          0        140   dnaninf.o
        12          0          0          0          0        116   dretinf.o
       108          0          0          0          0        128   drleqf.o
       408         56          0          0          0        168   dsqrt_umaal.o
        86          4          0          0          0        132   f2d.o
       140          4          0          0          0        132   fnaninf.o
        10          0          0          0          0        116   fpinit.o
        10          0          0          0          0        116   fretinf.o
       100          0          0          0          0        116   retnan.o
        92          0          0          0          0        116   scalbn.o
        48          0          0          0          0        116   trapv.o
         0          0          0          0          0          0   usenofp.o
       164         44          0          0          0        620   dunder.o
        24          0          0          0          0        124   fabs.o
        48          0          0          0          0        124   fpclassify.o
       248          0          0          0          0        152   poly.o
      3152        296        136          0          0        352   pow.o
         0          0          8          0          0          0   qnan.o
       110          0          0          0          0        148   sqrt.o

    ----------------------------------------------------------------------
      8034        626        188          0         96       6204   Library Totals
        16          0          4          0          0          0   (incl. Padding)

    ----------------------------------------------------------------------

      Code (inc. data)   RO Data    RW Data    ZI Data      Debug   Library Name

       792         34         40          0         96       1340   c_w.l
      3480        252          0          0          0       3344   fz_wm.l
      3746        340        144          0          0       1520   m_wm.l

    ----------------------------------------------------------------------
      8034        626        188          0         96       6204   Library Totals

    ----------------------------------------------------------------------

==============================================================================


      Code (inc. data)   RO Data    RW Data    ZI Data      Debug   

     30142       1152       6722         56       1848     605375   Grand Totals
     30142       1152       6722         56       1848     605375   ELF Image Totals
     30142       1152       6722         56          0          0   ROM Totals

==============================================================================

    Total RO  Size (Code + RO Data)                36864 (  36.00kB)
    Total RW  Size (RW Data + ZI Data)              1904 (   1.86kB)
    Total ROM Size (Code + RO Data + RW Data)      36920 (  36.05kB)

==============================================================================

